******************************************************************************
                  TI ARM Linker PC v5.1.6                      
******************************************************************************
>> Linked Tue Dec 11 00:50:43 2018

OUTPUT FILE NAME:   <TFT_TOUCH.out>
ENTRY POINT SYMBOL: "_c_int00"  address: 00003b65


MEMORY CONFIGURATION

         name            origin    length      used     unused   attr    fill
----------------------  --------  ---------  --------  --------  ----  --------
  FLASH                 00000000   00100000  0000498e  000fb672  R  X
  SRAM                  20000000   00040000  00000274  0003fd8c  RW X


SEGMENT ALLOCATION MAP

run origin  load origin   length   init length attrs members
----------  ----------- ---------- ----------- ----- -------
00000000    00000000    00004990   00004990    r-x
  00000000    00000000    00000208   00000208    r-- .intvecs
  00000208    00000208    00003d92   00003d92    r-x .text
  00003f9c    00003f9c    000009ac   000009ac    r-- .const
  00004948    00004948    00000048   00000048    r-- .cinit
20000000    20000000    00000274   00000000    rw-
  20000000    20000000    00000200   00000000    rw- .stack
  20000200    20000200    0000003c   00000000    rw- .data
  2000023c    2000023c    00000038   00000000    rw- .bss


SECTION ALLOCATION MAP

 output                                  attributes/
section   page    origin      length       input sections
--------  ----  ----------  ----------   ----------------
.intvecs   0    00000000    00000208     
                  00000000    00000208     tm4c1294ncpdt_startup_ccs.obj (.intvecs)

.init_array 
*          0    00000000    00000000     UNINITIALIZED

.text      0    00000208    00003d92     
                  00000208    000019f8     TFT_Touch.obj (.text)
                  00001c00    00000f58     TFT_400x240_OTM4001A_16bit.obj (.text)
                  00002b58    0000049c     uartstdio.obj (.text)
                  00002ff4    000003e0     TOUCH_TSC2046.obj (.text)
                  000033d4    000001fc     driverlib.lib : sysctl.obj (.text:SysCtlClockFreqSet)
                  000035d0    00000144     EPIinit.obj (.text)
                  00003714    00000130     driverlib.lib : gpio.obj (.text:GPIOPadConfigSet)
                  00003844    0000009c     rtsv7M4_T_le_v4SPD16_eabi.lib : memcpy_t2.obj (.text)
                  000038e0    00000094                                   : auto_init.obj (.text)
                  00003974    00000060     driverlib.lib : interrupt.obj (.text:IntEnable)
                  000039d4    0000005e     rtsv7M4_T_le_v4SPD16_eabi.lib : copy_decompress_rle.obj (.text)
                  00003a32    00000056     driverlib.lib : gpio.obj (.text:GPIOIntTypeSet)
                  00003a88    0000004c     rtsv7M4_T_le_v4SPD16_eabi.lib : rand.obj (.text)
                  00003ad4    00000048     driverlib.lib : gpio.obj (.text:GPIOPinConfigure)
                  00003b1c    00000048                   : sysctl.obj (.text:_SysCtlFrequencyGet)
                  00003b64    00000048     rtsv7M4_T_le_v4SPD16_eabi.lib : boot.obj (.text)
                  00003bac    00000044                                   : cpy_tbl.obj (.text)
                  00003bf0    00000044                                   : exit.obj (.text)
                  00003c34    00000042     driverlib.lib : ssi.obj (.text:SSIConfigSetExpClk)
                  00003c76    00000042     rtsv7M4_T_le_v4SPD16_eabi.lib : u_divt2.obj (.text)
                  00003cb8    00000040     driverlib.lib : uart.obj (.text:UARTConfigSetExpClk)
                  00003cf8    00000034                   : sysctl.obj (.text:SysCtlPeripheralEnable)
                  00003d2c    00000034                   : sysctl.obj (.text:SysCtlPeripheralPresent)
                  00003d60    0000002a                   : gpio.obj (.text:GPIODirModeSet)
                  00003d8a    00000002     --HOLE-- [fill = 0]
                  00003d8c    00000024                   : interrupt.obj (.text:IntPrioritySet)
                  00003db0    00000022                   : epi.obj (.text:EPIConfigHB16Set)
                  00003dd2    00000002     --HOLE-- [fill = 0]
                  00003dd4    0000001c                   : sysctl.obj (.text:SysCtlGPIOAHBEnable)
                  00003df0    0000001c                   : uart.obj (.text:UARTDisable)
                  00003e0c    0000001c                   : sysctl.obj (.text:_SysCtlMemTimingGet)
                  00003e28    00000018                   : gpio.obj (.text:GPIOPinTypeGPIOOutput)
                  00003e40    00000018     rtsv7M4_T_le_v4SPD16_eabi.lib : args_main.obj (.text)
                  00003e58    00000014     driverlib.lib : uart.obj (.text:UARTEnable)
                  00003e6c    00000014     rtsv7M4_T_le_v4SPD16_eabi.lib : _lock.obj (.text)
                  00003e80    00000012     driverlib.lib : gpio.obj (.text:GPIOPinTypeEPI)
                  00003e92    00000012                   : gpio.obj (.text:GPIOPinTypeGPIOInput)
                  00003ea4    00000012                   : gpio.obj (.text:GPIOPinTypeSSI)
                  00003eb6    00000012                   : gpio.obj (.text:GPIOPinTypeUART)
                  00003ec8    00000012                   : ssi.obj (.text:SSIDataGetNonBlocking)
                  00003eda    00000012     rtsv7M4_T_le_v4SPD16_eabi.lib : copy_zero_init.obj (.text:decompress:ZI)
                  00003eec    00000010     driverlib.lib : fpu.obj (.text:FPUEnable)
                  00003efc    00000010                   : fpu.obj (.text:FPULazyStackingEnable)
                  00003f0c    0000000e                   : gpio.obj (.text:GPIOIntStatus)
                  00003f1a    0000000e     rtsv7M4_T_le_v4SPD16_eabi.lib : copy_decompress_none.obj (.text:decompress:none)
                  00003f28    0000000c     driverlib.lib : gpio.obj (.text:GPIOIntEnable)
                  00003f34    0000000c                   : ssi.obj (.text:SSIDataGet)
                  00003f40    0000000c     tm4c1294ncpdt_startup_ccs.obj (.text)
                  00003f4c    0000000a     driverlib.lib : ssi.obj (.text:SSIDataPut)
                  00003f56    0000000a                   : ssi.obj (.text:SSIEnable)
                  00003f60    0000000a                   : uart.obj (.text:UARTCharGet)
                  00003f6a    0000000a                   : uart.obj (.text:UARTCharPut)
                  00003f74    00000006                   : gpio.obj (.text:GPIOIntClear)
                  00003f7a    00000006                   : gpio.obj (.text:GPIOPinRead)
                  00003f80    00000006                   : gpio.obj (.text:GPIOPinWrite)
                  00003f86    00000006                   : sysctl.obj (.text:SysCtlDelay)
                  00003f8c    00000006     rtsv7M4_T_le_v4SPD16_eabi.lib : copy_decompress_rle.obj (.text:decompress:rle24)
                  00003f92    00000004     driverlib.lib : epi.obj (.text:EPIAddressMapSet)
                  00003f96    00000004                   : epi.obj (.text:EPIModeSet)

.const     0    00003f9c    000009ac     
                  00003f9c    00000600     TFT_400x240_OTM4001A_16bit.obj (.const:asc2_1608)
                  0000459c    00000120     driverlib.lib : sysctl.obj (.const:g_pppui32XTALtoVCO)
                  000046bc    0000009c                   : interrupt.obj (.const:g_pui32Regs)
                  00004758    00000090                   : gpio.obj (.const:g_pui32GPIOBaseAddrs)
                  000047e8    00000070                   : interrupt.obj (.const)
                  00004858    0000006c                   : sysctl.obj (.const:g_pui32Xtals)
                  000048c4    00000030                   : sysctl.obj (.const:g_sXTALtoMEMTIM)
                  000048f4    0000001c     uartstdio.obj (.const)
                  00004910    00000014     TFT_Touch.obj (.const)
                  00004924    00000012     uartstdio.obj (.const:.string)
                  00004936    00000008     TFT_Touch.obj (.const:.string)
                  0000493e    00000002     --HOLE-- [fill = 0]
                  00004940    00000008     driverlib.lib : sysctl.obj (.const)

.cinit     0    00004948    00000048     
                  00004948    00000023     (.cinit..data.load) [load image, compression = rle]
                  0000496b    00000001     --HOLE-- [fill = 0]
                  0000496c    0000000c     (__TI_handler_table)
                  00004978    00000008     (.cinit..bss.load) [load image, compression = zero_init]
                  00004980    00000010     (__TI_cinit_table)

.stack     0    20000000    00000200     UNINITIALIZED
                  20000000    00000200     --HOLE--

.data      0    20000200    0000003c     UNINITIALIZED
                  20000200    00000014     TFT_Touch.obj (.data)
                  20000214    00000008     TFT_400x240_OTM4001A_16bit.obj (.data)
                  2000021c    00000008     rtsv7M4_T_le_v4SPD16_eabi.lib : _lock.obj (.data)
                  20000224    00000008                                   : exit.obj (.data)
                  2000022c    00000005     uartstdio.obj (.data)
                  20000231    00000003     --HOLE--
                  20000234    00000004     rtsv7M4_T_le_v4SPD16_eabi.lib : rand.obj (.data)
                  20000238    00000004                                   : stkdepth_vars.obj (.data)

.bss       0    2000023c    00000038     UNINITIALIZED
                  2000023c    00000018     (.common:TouchXData)
                  20000254    00000018     (.common:TouchYData)
                  2000026c    00000004     (.common:a)
                  20000270    00000004     (.common:g_ui32SysClock)


LINKER GENERATED COPY TABLES

__TI_cinit_table @ 00004980 records: 2, size/record: 8, table size: 16
	.data: load addr=00004948, load size=00000023 bytes, run addr=20000200, run size=0000003c bytes, compression=rle
	.bss: load addr=00004978, load size=00000008 bytes, run addr=2000023c, run size=00000038 bytes, compression=zero_init


LINKER GENERATED HANDLER TABLE

__TI_handler_table @ 0000496c records: 3, size/record: 4, table size: 12
	index: 0, handler: __TI_decompress_rle24
	index: 1, handler: __TI_decompress_none
	index: 2, handler: __TI_zero_init


GLOBAL SYMBOLS: SORTED ALPHABETICALLY BY Name 

address    name
--------   ----
00003bf1   C$$EXIT
000008b9   ConfigureUART
00003f93   EPIAddressMapSet
00003db1   EPIConfigHB16Set
000035d1   EPIGPIOinit
00003f97   EPIModeSet
00003eed   FPUEnable
00003efd   FPULazyStackingEnable
00000885   GPIOD
00003d61   GPIODirModeSet
000007c9   GPIOInitial
00003f75   GPIOIntClear
00003f29   GPIOIntEnable
00000813   GPIOIntInitial
00003f0d   GPIOIntStatus
00003a33   GPIOIntTypeSet
00000863   GPION
00003715   GPIOPadConfigSet
00003ad5   GPIOPinConfigure
00003f7b   GPIOPinRead
00003e81   GPIOPinTypeEPI
00003e93   GPIOPinTypeGPIOInput
00003e29   GPIOPinTypeGPIOOutput
00003ea5   GPIOPinTypeSSI
00003eb7   GPIOPinTypeUART
00003f81   GPIOPinWrite
00000609   I2C0DeviceInit
000005f7   I2C0GPIOBEnable
0000067b   I2C0TubeHighSet
00000657   I2C0TubeLowSet
00000633   I2C0TubeSelSet
000007a1   I2C0Tubeset
0000032f   I2C_GetACK
000002cd   I2C_Initial
20000200   I2C_RECV_DATA
00000411   I2C_RxByte
000002d9   I2C_START
00000261   I2C_STOP
0000038f   I2C_SetNAk
00000235   I2C_Set_scl_high
0000024b   I2C_Set_scl_low
00000209   I2C_Set_sda_high
0000021f   I2C_Set_sda_low
000003a3   I2C_TxByte
00001c8d   InitGPIOLCDInterface
00003975   IntEnable
000033bd   IntGPIOb
00003d8d   IntPrioritySet
00003f41   ResetISR
UNDEFED    SHT$$INIT_ARRAY$$Base
UNDEFED    SHT$$INIT_ARRAY$$Limit
00003c35   SSIConfigSetExpClk
00003f35   SSIDataGet
00003ec9   SSIDataGetNonBlocking
00003f4d   SSIDataPut
00003f57   SSIEnable
00002ff5   SSIinit
00003143   SoftSPI_GetData
000030c3   SoftSPI_PutData
0000305d   SoftSPIinit
000033d5   SysCtlClockFreqSet
00003f87   SysCtlDelay
00003dd5   SysCtlGPIOAHBEnable
00003cf9   SysCtlPeripheralEnable
00003d2d   SysCtlPeripheralPresent
00002861   TFTLCD_CLEAR
00000a29   TFTLCD_DrawHorizontalLine
00002751   TFTLCD_DrawPoint
00000a73   TFTLCD_DrawVerticalLine
00001d4b   TFTLCD_EnterSleep
00001dcb   TFTLCD_ExitSleep
000028b5   TFTLCD_FillBlock
00002685   TFTLCD_REFRESH_GRAM
00002699   TFTLCD_SetPos
00002773   TFTLCD_ShowChar
0000291d   TFTLCD_ShowData
00002a25   TFTLCD_ShowPicture
00002803   TFTLCD_ShowString
00001e81   TFT_400x240_OTM4001Ainit
0000332d   TOUCH_PointAdjust
000032f5   TOUCH_TSC2046init
0000308f   TouchInit
2000023c   TouchXData
20000254   TouchYData
00003f61   UARTCharGet
00003f6b   UARTCharPut
00003cb9   UARTConfigSetExpClk
00003df1   UARTDisable
00003e59   UARTEnable
00002b59   UARTStdioConfig
00002c9f   UARTgetc
00002be5   UARTgets
00002fbf   UARTprintf
00002cc5   UARTvprintf
00002b9f   UARTwrite
20000218   WriteCommand
20000214   WriteData
20000200   __STACK_END
00000200   __STACK_SIZE
20000200   __STACK_TOP
00004980   __TI_CINIT_Base
00004990   __TI_CINIT_Limit
0000496c   __TI_Handler_Table_Base
00004978   __TI_Handler_Table_Limit
00000001   __TI_args_main
000038e1   __TI_auto_init
20000224   __TI_cleanup_ptr
00003f1b   __TI_decompress_none
00003f8d   __TI_decompress_rle24
20000228   __TI_dtors_ptr
00000000   __TI_static_base__
00003edb   __TI_zero_init
00003845   __aeabi_memcpy
00003845   __aeabi_memcpy4
00003845   __aeabi_memcpy8
00003c77   __aeabi_uidivmod
ffffffff   __binit__
ffffffff   __c_args__
20000000   __stack
00003e41   _args_main
00003b65   _c_int00
2000021c   _lock
00003e7b   _nop
00003e73   _register_lock
00003e6d   _register_unlock
20000220   _unlock
2000026c   a
00003bf5   abort
00003f9c   asc2_1608
ffffffff   binit
00000add   clear
00003bad   copy_in
00000b35   delay2
00000935   drawrect
2000020c   end
00003bfd   exit
00000000   g_pfnVectors
20000270   g_ui32SysClock
0000052b   i2c_read
00000481   i2c_write
00000d3d   main
20000238   main_func_sp
00003845   memcpy
00000b69   miziguan_show
00003a9f   rand
0000069f   setnumber
000007b5   showvalue
00003a89   srand
20000210   start
20000208   stop
000031d5   touch_getx
00003265   touch_gety


GLOBAL SYMBOLS: SORTED BY Symbol Address 

address    name
--------   ----
00000000   __TI_static_base__
00000000   g_pfnVectors
00000001   __TI_args_main
00000200   __STACK_SIZE
00000209   I2C_Set_sda_high
0000021f   I2C_Set_sda_low
00000235   I2C_Set_scl_high
0000024b   I2C_Set_scl_low
00000261   I2C_STOP
000002cd   I2C_Initial
000002d9   I2C_START
0000032f   I2C_GetACK
0000038f   I2C_SetNAk
000003a3   I2C_TxByte
00000411   I2C_RxByte
00000481   i2c_write
0000052b   i2c_read
000005f7   I2C0GPIOBEnable
00000609   I2C0DeviceInit
00000633   I2C0TubeSelSet
00000657   I2C0TubeLowSet
0000067b   I2C0TubeHighSet
0000069f   setnumber
000007a1   I2C0Tubeset
000007b5   showvalue
000007c9   GPIOInitial
00000813   GPIOIntInitial
00000863   GPION
00000885   GPIOD
000008b9   ConfigureUART
00000935   drawrect
00000a29   TFTLCD_DrawHorizontalLine
00000a73   TFTLCD_DrawVerticalLine
00000add   clear
00000b35   delay2
00000b69   miziguan_show
00000d3d   main
00001c8d   InitGPIOLCDInterface
00001d4b   TFTLCD_EnterSleep
00001dcb   TFTLCD_ExitSleep
00001e81   TFT_400x240_OTM4001Ainit
00002685   TFTLCD_REFRESH_GRAM
00002699   TFTLCD_SetPos
00002751   TFTLCD_DrawPoint
00002773   TFTLCD_ShowChar
00002803   TFTLCD_ShowString
00002861   TFTLCD_CLEAR
000028b5   TFTLCD_FillBlock
0000291d   TFTLCD_ShowData
00002a25   TFTLCD_ShowPicture
00002b59   UARTStdioConfig
00002b9f   UARTwrite
00002be5   UARTgets
00002c9f   UARTgetc
00002cc5   UARTvprintf
00002fbf   UARTprintf
00002ff5   SSIinit
0000305d   SoftSPIinit
0000308f   TouchInit
000030c3   SoftSPI_PutData
00003143   SoftSPI_GetData
000031d5   touch_getx
00003265   touch_gety
000032f5   TOUCH_TSC2046init
0000332d   TOUCH_PointAdjust
000033bd   IntGPIOb
000033d5   SysCtlClockFreqSet
000035d1   EPIGPIOinit
00003715   GPIOPadConfigSet
00003845   __aeabi_memcpy
00003845   __aeabi_memcpy4
00003845   __aeabi_memcpy8
00003845   memcpy
000038e1   __TI_auto_init
00003975   IntEnable
00003a33   GPIOIntTypeSet
00003a89   srand
00003a9f   rand
00003ad5   GPIOPinConfigure
00003b65   _c_int00
00003bad   copy_in
00003bf1   C$$EXIT
00003bf5   abort
00003bfd   exit
00003c35   SSIConfigSetExpClk
00003c77   __aeabi_uidivmod
00003cb9   UARTConfigSetExpClk
00003cf9   SysCtlPeripheralEnable
00003d2d   SysCtlPeripheralPresent
00003d61   GPIODirModeSet
00003d8d   IntPrioritySet
00003db1   EPIConfigHB16Set
00003dd5   SysCtlGPIOAHBEnable
00003df1   UARTDisable
00003e29   GPIOPinTypeGPIOOutput
00003e41   _args_main
00003e59   UARTEnable
00003e6d   _register_unlock
00003e73   _register_lock
00003e7b   _nop
00003e81   GPIOPinTypeEPI
00003e93   GPIOPinTypeGPIOInput
00003ea5   GPIOPinTypeSSI
00003eb7   GPIOPinTypeUART
00003ec9   SSIDataGetNonBlocking
00003edb   __TI_zero_init
00003eed   FPUEnable
00003efd   FPULazyStackingEnable
00003f0d   GPIOIntStatus
00003f1b   __TI_decompress_none
00003f29   GPIOIntEnable
00003f35   SSIDataGet
00003f41   ResetISR
00003f4d   SSIDataPut
00003f57   SSIEnable
00003f61   UARTCharGet
00003f6b   UARTCharPut
00003f75   GPIOIntClear
00003f7b   GPIOPinRead
00003f81   GPIOPinWrite
00003f87   SysCtlDelay
00003f8d   __TI_decompress_rle24
00003f93   EPIAddressMapSet
00003f97   EPIModeSet
00003f9c   asc2_1608
0000496c   __TI_Handler_Table_Base
00004978   __TI_Handler_Table_Limit
00004980   __TI_CINIT_Base
00004990   __TI_CINIT_Limit
20000000   __stack
20000200   I2C_RECV_DATA
20000200   __STACK_END
20000200   __STACK_TOP
20000208   stop
2000020c   end
20000210   start
20000214   WriteData
20000218   WriteCommand
2000021c   _lock
20000220   _unlock
20000224   __TI_cleanup_ptr
20000228   __TI_dtors_ptr
20000238   main_func_sp
2000023c   TouchXData
20000254   TouchYData
2000026c   a
20000270   g_ui32SysClock
ffffffff   __binit__
ffffffff   __c_args__
ffffffff   binit
UNDEFED    SHT$$INIT_ARRAY$$Base
UNDEFED    SHT$$INIT_ARRAY$$Limit

[152 symbols]
