<?xml version="1.0"?>
<link_info>
   <banner>TI ARM Linker PC v5.1.6</banner>
   <copyright>Copyright (c) 1996-2014 Texas Instruments Incorporated</copyright>
   <link_time>0x5c0e9963</link_time>
   <link_errors>0x0</link_errors>
   <output_file>TFT_TOUCH.out</output_file>
   <entry_point>
      <name>_c_int00</name>
      <address>0x3b65</address>
   </entry_point>
   <input_file_list>
      <input_file id="fl-2">
         <path>.\</path>
         <kind>object</kind>
         <file>TFT_Touch.obj</file>
         <name>TFT_Touch.obj</name>
      </input_file>
      <input_file id="fl-3">
         <path>.\</path>
         <kind>object</kind>
         <file>tm4c1294ncpdt_startup_ccs.obj</file>
         <name>tm4c1294ncpdt_startup_ccs.obj</name>
      </input_file>
      <input_file id="fl-4">
         <path>.\</path>
         <kind>object</kind>
         <file>uartstdio.obj</file>
         <name>uartstdio.obj</name>
      </input_file>
      <input_file id="fl-5">
         <path>.\TOUCHinit\</path>
         <kind>object</kind>
         <file>TOUCH_TSC2046.obj</file>
         <name>TOUCH_TSC2046.obj</name>
      </input_file>
      <input_file id="fl-6">
         <path>.\TFTinit\</path>
         <kind>object</kind>
         <file>TFT_400x240_OTM4001A_16bit.obj</file>
         <name>TFT_400x240_OTM4001A_16bit.obj</name>
      </input_file>
      <input_file id="fl-7">
         <path>.\EPIinit\</path>
         <kind>object</kind>
         <file>EPIinit.obj</file>
         <name>EPIinit.obj</name>
      </input_file>
      <input_file id="fl-135">
         <path>c:\ti\ccsv6\tools\compiler\arm_5.1.6\lib\</path>
         <kind>archive</kind>
         <file>rtsv7M4_T_le_v4SPD16_eabi.lib</file>
         <name>_lock.obj</name>
      </input_file>
      <input_file id="fl-136">
         <path>c:\ti\ccsv6\tools\compiler\arm_5.1.6\lib\</path>
         <kind>archive</kind>
         <file>rtsv7M4_T_le_v4SPD16_eabi.lib</file>
         <name>boot.obj</name>
      </input_file>
      <input_file id="fl-137">
         <path>c:\ti\ccsv6\tools\compiler\arm_5.1.6\lib\</path>
         <kind>archive</kind>
         <file>rtsv7M4_T_le_v4SPD16_eabi.lib</file>
         <name>copy_decompress_none.obj</name>
      </input_file>
      <input_file id="fl-138">
         <path>c:\ti\ccsv6\tools\compiler\arm_5.1.6\lib\</path>
         <kind>archive</kind>
         <file>rtsv7M4_T_le_v4SPD16_eabi.lib</file>
         <name>copy_decompress_rle.obj</name>
      </input_file>
      <input_file id="fl-139">
         <path>c:\ti\ccsv6\tools\compiler\arm_5.1.6\lib\</path>
         <kind>archive</kind>
         <file>rtsv7M4_T_le_v4SPD16_eabi.lib</file>
         <name>copy_zero_init.obj</name>
      </input_file>
      <input_file id="fl-13a">
         <path>c:\ti\ccsv6\tools\compiler\arm_5.1.6\lib\</path>
         <kind>archive</kind>
         <file>rtsv7M4_T_le_v4SPD16_eabi.lib</file>
         <name>exit.obj</name>
      </input_file>
      <input_file id="fl-13b">
         <path>c:\ti\ccsv6\tools\compiler\arm_5.1.6\lib\</path>
         <kind>archive</kind>
         <file>rtsv7M4_T_le_v4SPD16_eabi.lib</file>
         <name>memcpy_t2.obj</name>
      </input_file>
      <input_file id="fl-13c">
         <path>c:\ti\ccsv6\tools\compiler\arm_5.1.6\lib\</path>
         <kind>archive</kind>
         <file>rtsv7M4_T_le_v4SPD16_eabi.lib</file>
         <name>rand.obj</name>
      </input_file>
      <input_file id="fl-13d">
         <path>c:\ti\ccsv6\tools\compiler\arm_5.1.6\lib\</path>
         <kind>archive</kind>
         <file>rtsv7M4_T_le_v4SPD16_eabi.lib</file>
         <name>stkdepth_vars.obj</name>
      </input_file>
      <input_file id="fl-13e">
         <path>c:\ti\ccsv6\tools\compiler\arm_5.1.6\lib\</path>
         <kind>archive</kind>
         <file>rtsv7M4_T_le_v4SPD16_eabi.lib</file>
         <name>u_divt2.obj</name>
      </input_file>
      <input_file id="fl-13f">
         <path>c:\ti\ccsv6\tools\compiler\arm_5.1.6\lib\</path>
         <kind>archive</kind>
         <file>rtsv7M4_T_le_v4SPD16_eabi.lib</file>
         <name>args_main.obj</name>
      </input_file>
      <input_file id="fl-140">
         <path>c:\ti\ccsv6\tools\compiler\arm_5.1.6\lib\</path>
         <kind>archive</kind>
         <file>rtsv7M4_T_le_v4SPD16_eabi.lib</file>
         <name>auto_init.obj</name>
      </input_file>
      <input_file id="fl-141">
         <path>c:\ti\ccsv6\tools\compiler\arm_5.1.6\lib\</path>
         <kind>archive</kind>
         <file>rtsv7M4_T_le_v4SPD16_eabi.lib</file>
         <name>cpy_tbl.obj</name>
      </input_file>
      <input_file id="fl-142">
         <path>C:\ti\TivaWare_C_Series-2.1.0.12573\driverlib\ccs\Debug\</path>
         <kind>archive</kind>
         <file>driverlib.lib</file>
         <name>uart.obj</name>
      </input_file>
      <input_file id="fl-143">
         <path>C:\ti\TivaWare_C_Series-2.1.0.12573\driverlib\ccs\Debug\</path>
         <kind>archive</kind>
         <file>driverlib.lib</file>
         <name>sysctl.obj</name>
      </input_file>
      <input_file id="fl-144">
         <path>C:\ti\TivaWare_C_Series-2.1.0.12573\driverlib\ccs\Debug\</path>
         <kind>archive</kind>
         <file>driverlib.lib</file>
         <name>ssi.obj</name>
      </input_file>
      <input_file id="fl-145">
         <path>C:\ti\TivaWare_C_Series-2.1.0.12573\driverlib\ccs\Debug\</path>
         <kind>archive</kind>
         <file>driverlib.lib</file>
         <name>interrupt.obj</name>
      </input_file>
      <input_file id="fl-146">
         <path>C:\ti\TivaWare_C_Series-2.1.0.12573\driverlib\ccs\Debug\</path>
         <kind>archive</kind>
         <file>driverlib.lib</file>
         <name>gpio.obj</name>
      </input_file>
      <input_file id="fl-147">
         <path>C:\ti\TivaWare_C_Series-2.1.0.12573\driverlib\ccs\Debug\</path>
         <kind>archive</kind>
         <file>driverlib.lib</file>
         <name>fpu.obj</name>
      </input_file>
      <input_file id="fl-148">
         <path>C:\ti\TivaWare_C_Series-2.1.0.12573\driverlib\ccs\Debug\</path>
         <kind>archive</kind>
         <file>driverlib.lib</file>
         <name>epi.obj</name>
      </input_file>
      <input_file id="fl-149">
         <path>C:\ti\TivaWare_C_Series-2.1.0.12573\driverlib\ccs\Debug\</path>
         <kind>archive</kind>
         <file>driverlib.lib</file>
         <name>cpu.obj</name>
      </input_file>
   </input_file_list>
   <object_component_list>
      <object_component id="oc-e">
         <name>.intvecs</name>
         <load_address>0x0</load_address>
         <run_address>0x0</run_address>
         <size>0x208</size>
         <input_file_ref idref="fl-3"/>
      </object_component>
      <object_component id="oc-35">
         <name>.text</name>
         <load_address>0x208</load_address>
         <run_address>0x208</run_address>
         <size>0x19f8</size>
         <input_file_ref idref="fl-2"/>
      </object_component>
      <object_component id="oc-f6">
         <name>.text</name>
         <load_address>0x1c00</load_address>
         <run_address>0x1c00</run_address>
         <size>0xf58</size>
         <input_file_ref idref="fl-6"/>
      </object_component>
      <object_component id="oc-e6">
         <name>.text</name>
         <load_address>0x2b58</load_address>
         <run_address>0x2b58</run_address>
         <size>0x49c</size>
         <input_file_ref idref="fl-4"/>
      </object_component>
      <object_component id="oc-2f">
         <name>.text</name>
         <load_address>0x2ff4</load_address>
         <run_address>0x2ff4</run_address>
         <size>0x3e0</size>
         <input_file_ref idref="fl-5"/>
      </object_component>
      <object_component id="oc-109">
         <name>.text:SysCtlClockFreqSet</name>
         <load_address>0x33d4</load_address>
         <run_address>0x33d4</run_address>
         <size>0x1fc</size>
         <input_file_ref idref="fl-143"/>
      </object_component>
      <object_component id="oc-11b">
         <name>.text</name>
         <load_address>0x35d0</load_address>
         <run_address>0x35d0</run_address>
         <size>0x144</size>
         <input_file_ref idref="fl-7"/>
      </object_component>
      <object_component id="oc-19d">
         <name>.text:GPIOPadConfigSet</name>
         <load_address>0x3714</load_address>
         <run_address>0x3714</run_address>
         <size>0x130</size>
         <input_file_ref idref="fl-146"/>
      </object_component>
      <object_component id="oc-53">
         <name>.text</name>
         <load_address>0x3844</load_address>
         <run_address>0x3844</run_address>
         <size>0x9c</size>
         <input_file_ref idref="fl-13b"/>
      </object_component>
      <object_component id="oc-3e">
         <name>.text</name>
         <load_address>0x38e0</load_address>
         <run_address>0x38e0</run_address>
         <size>0x94</size>
         <input_file_ref idref="fl-140"/>
      </object_component>
      <object_component id="oc-115">
         <name>.text:IntEnable</name>
         <load_address>0x3974</load_address>
         <run_address>0x3974</run_address>
         <size>0x60</size>
         <input_file_ref idref="fl-145"/>
      </object_component>
      <object_component id="oc-66">
         <name>.text</name>
         <load_address>0x39d4</load_address>
         <run_address>0x39d4</run_address>
         <size>0x5e</size>
         <input_file_ref idref="fl-138"/>
      </object_component>
      <object_component id="oc-c5">
         <name>.text:GPIOIntTypeSet</name>
         <load_address>0x3a32</load_address>
         <run_address>0x3a32</run_address>
         <size>0x56</size>
         <input_file_ref idref="fl-146"/>
      </object_component>
      <object_component id="oc-13a">
         <name>.text</name>
         <load_address>0x3a88</load_address>
         <run_address>0x3a88</run_address>
         <size>0x4c</size>
         <input_file_ref idref="fl-13c"/>
      </object_component>
      <object_component id="oc-7a">
         <name>.text:GPIOPinConfigure</name>
         <load_address>0x3ad4</load_address>
         <run_address>0x3ad4</run_address>
         <size>0x48</size>
         <input_file_ref idref="fl-146"/>
      </object_component>
      <object_component id="oc-204">
         <name>.text:_SysCtlFrequencyGet</name>
         <load_address>0x3b1c</load_address>
         <run_address>0x3b1c</run_address>
         <size>0x48</size>
         <input_file_ref idref="fl-143"/>
      </object_component>
      <object_component id="oc-11">
         <name>.text</name>
         <load_address>0x3b64</load_address>
         <run_address>0x3b64</run_address>
         <size>0x48</size>
         <input_file_ref idref="fl-136"/>
      </object_component>
      <object_component id="oc-165">
         <name>.text</name>
         <load_address>0x3bac</load_address>
         <run_address>0x3bac</run_address>
         <size>0x44</size>
         <input_file_ref idref="fl-141"/>
      </object_component>
      <object_component id="oc-49">
         <name>.text</name>
         <load_address>0x3bf0</load_address>
         <run_address>0x3bf0</run_address>
         <size>0x44</size>
         <input_file_ref idref="fl-13a"/>
      </object_component>
      <object_component id="oc-86">
         <name>.text:SSIConfigSetExpClk</name>
         <load_address>0x3c34</load_address>
         <run_address>0x3c34</run_address>
         <size>0x42</size>
         <input_file_ref idref="fl-144"/>
      </object_component>
      <object_component id="oc-1e2">
         <name>.text</name>
         <load_address>0x3c76</load_address>
         <run_address>0x3c76</run_address>
         <size>0x42</size>
         <input_file_ref idref="fl-13e"/>
      </object_component>
      <object_component id="oc-1c4">
         <name>.text:UARTConfigSetExpClk</name>
         <load_address>0x3cb8</load_address>
         <run_address>0x3cb8</run_address>
         <size>0x40</size>
         <input_file_ref idref="fl-142"/>
      </object_component>
      <object_component id="oc-74">
         <name>.text:SysCtlPeripheralEnable</name>
         <load_address>0x3cf8</load_address>
         <run_address>0x3cf8</run_address>
         <size>0x34</size>
         <input_file_ref idref="fl-143"/>
      </object_component>
      <object_component id="oc-1be">
         <name>.text:SysCtlPeripheralPresent</name>
         <load_address>0x3d2c</load_address>
         <run_address>0x3d2c</run_address>
         <size>0x34</size>
         <input_file_ref idref="fl-143"/>
      </object_component>
      <object_component id="oc-197">
         <name>.text:GPIODirModeSet</name>
         <load_address>0x3d60</load_address>
         <run_address>0x3d60</run_address>
         <size>0x2a</size>
         <input_file_ref idref="fl-146"/>
      </object_component>
      <object_component id="oc-10f">
         <name>.text:IntPrioritySet</name>
         <load_address>0x3d8c</load_address>
         <run_address>0x3d8c</run_address>
         <size>0x24</size>
         <input_file_ref idref="fl-145"/>
      </object_component>
      <object_component id="oc-229">
         <name>.text:EPIConfigHB16Set</name>
         <load_address>0x3db0</load_address>
         <run_address>0x3db0</run_address>
         <size>0x22</size>
         <input_file_ref idref="fl-148"/>
      </object_component>
      <object_component id="oc-bf">
         <name>.text:SysCtlGPIOAHBEnable</name>
         <load_address>0x3dd4</load_address>
         <run_address>0x3dd4</run_address>
         <size>0x1c</size>
         <input_file_ref idref="fl-143"/>
      </object_component>
      <object_component id="oc-25e">
         <name>.text:UARTDisable</name>
         <load_address>0x3df0</load_address>
         <run_address>0x3df0</run_address>
         <size>0x1c</size>
         <input_file_ref idref="fl-142"/>
      </object_component>
      <object_component id="oc-1fe">
         <name>.text:_SysCtlMemTimingGet</name>
         <load_address>0x3e0c</load_address>
         <run_address>0x3e0c</run_address>
         <size>0x1c</size>
         <input_file_ref idref="fl-143"/>
      </object_component>
      <object_component id="oc-98">
         <name>.text:GPIOPinTypeGPIOOutput</name>
         <load_address>0x3e28</load_address>
         <run_address>0x3e28</run_address>
         <size>0x18</size>
         <input_file_ref idref="fl-146"/>
      </object_component>
      <object_component id="oc-43">
         <name>.text</name>
         <load_address>0x3e40</load_address>
         <run_address>0x3e40</run_address>
         <size>0x18</size>
         <input_file_ref idref="fl-13f"/>
      </object_component>
      <object_component id="oc-1ca">
         <name>.text:UARTEnable</name>
         <load_address>0x3e58</load_address>
         <run_address>0x3e58</run_address>
         <size>0x14</size>
         <input_file_ref idref="fl-142"/>
      </object_component>
      <object_component id="oc-b9">
         <name>.text</name>
         <load_address>0x3e6c</load_address>
         <run_address>0x3e6c</run_address>
         <size>0x14</size>
         <input_file_ref idref="fl-135"/>
      </object_component>
      <object_component id="oc-21d">
         <name>.text:GPIOPinTypeEPI</name>
         <load_address>0x3e80</load_address>
         <run_address>0x3e80</run_address>
         <size>0x12</size>
         <input_file_ref idref="fl-146"/>
      </object_component>
      <object_component id="oc-9e">
         <name>.text:GPIOPinTypeGPIOInput</name>
         <load_address>0x3e92</load_address>
         <run_address>0x3e92</run_address>
         <size>0x12</size>
         <input_file_ref idref="fl-146"/>
      </object_component>
      <object_component id="oc-80">
         <name>.text:GPIOPinTypeSSI</name>
         <load_address>0x3ea4</load_address>
         <run_address>0x3ea4</run_address>
         <size>0x12</size>
         <input_file_ref idref="fl-146"/>
      </object_component>
      <object_component id="oc-e0">
         <name>.text:GPIOPinTypeUART</name>
         <load_address>0x3eb6</load_address>
         <run_address>0x3eb6</run_address>
         <size>0x12</size>
         <input_file_ref idref="fl-146"/>
      </object_component>
      <object_component id="oc-92">
         <name>.text:SSIDataGetNonBlocking</name>
         <load_address>0x3ec8</load_address>
         <run_address>0x3ec8</run_address>
         <size>0x12</size>
         <input_file_ref idref="fl-144"/>
      </object_component>
      <object_component id="oc-1c">
         <name>.text:decompress:ZI</name>
         <load_address>0x3eda</load_address>
         <run_address>0x3eda</run_address>
         <size>0x12</size>
         <input_file_ref idref="fl-139"/>
      </object_component>
      <object_component id="oc-fd">
         <name>.text:FPUEnable</name>
         <load_address>0x3eec</load_address>
         <run_address>0x3eec</run_address>
         <size>0x10</size>
         <input_file_ref idref="fl-147"/>
      </object_component>
      <object_component id="oc-103">
         <name>.text:FPULazyStackingEnable</name>
         <load_address>0x3efc</load_address>
         <run_address>0x3efc</run_address>
         <size>0x10</size>
         <input_file_ref idref="fl-147"/>
      </object_component>
      <object_component id="oc-d1">
         <name>.text:GPIOIntStatus</name>
         <load_address>0x3f0c</load_address>
         <run_address>0x3f0c</run_address>
         <size>0xe</size>
         <input_file_ref idref="fl-146"/>
      </object_component>
      <object_component id="oc-16">
         <name>.text:decompress:none</name>
         <load_address>0x3f1a</load_address>
         <run_address>0x3f1a</run_address>
         <size>0xe</size>
         <input_file_ref idref="fl-137"/>
      </object_component>
      <object_component id="oc-cb">
         <name>.text:GPIOIntEnable</name>
         <load_address>0x3f28</load_address>
         <run_address>0x3f28</run_address>
         <size>0xc</size>
         <input_file_ref idref="fl-146"/>
      </object_component>
      <object_component id="oc-128">
         <name>.text:SSIDataGet</name>
         <load_address>0x3f34</load_address>
         <run_address>0x3f34</run_address>
         <size>0xc</size>
         <input_file_ref idref="fl-144"/>
      </object_component>
      <object_component id="oc-29">
         <name>.text</name>
         <load_address>0x3f40</load_address>
         <run_address>0x3f40</run_address>
         <size>0xc</size>
         <input_file_ref idref="fl-3"/>
      </object_component>
      <object_component id="oc-121">
         <name>.text:SSIDataPut</name>
         <load_address>0x3f4c</load_address>
         <run_address>0x3f4c</run_address>
         <size>0xa</size>
         <input_file_ref idref="fl-144"/>
      </object_component>
      <object_component id="oc-8c">
         <name>.text:SSIEnable</name>
         <load_address>0x3f56</load_address>
         <run_address>0x3f56</run_address>
         <size>0xa</size>
         <input_file_ref idref="fl-144"/>
      </object_component>
      <object_component id="oc-1d6">
         <name>.text:UARTCharGet</name>
         <load_address>0x3f60</load_address>
         <run_address>0x3f60</run_address>
         <size>0xa</size>
         <input_file_ref idref="fl-142"/>
      </object_component>
      <object_component id="oc-1d0">
         <name>.text:UARTCharPut</name>
         <load_address>0x3f6a</load_address>
         <run_address>0x3f6a</run_address>
         <size>0xa</size>
         <input_file_ref idref="fl-142"/>
      </object_component>
      <object_component id="oc-d7">
         <name>.text:GPIOIntClear</name>
         <load_address>0x3f74</load_address>
         <run_address>0x3f74</run_address>
         <size>0x6</size>
         <input_file_ref idref="fl-146"/>
      </object_component>
      <object_component id="oc-a5">
         <name>.text:GPIOPinRead</name>
         <load_address>0x3f7a</load_address>
         <run_address>0x3f7a</run_address>
         <size>0x6</size>
         <input_file_ref idref="fl-146"/>
      </object_component>
      <object_component id="oc-b3">
         <name>.text:GPIOPinWrite</name>
         <load_address>0x3f80</load_address>
         <run_address>0x3f80</run_address>
         <size>0x6</size>
         <input_file_ref idref="fl-146"/>
      </object_component>
      <object_component id="oc-a4">
         <name>.text:SysCtlDelay</name>
         <load_address>0x3f86</load_address>
         <run_address>0x3f86</run_address>
         <size>0x6</size>
         <input_file_ref idref="fl-143"/>
      </object_component>
      <object_component id="oc-22">
         <name>.text:decompress:rle24</name>
         <load_address>0x3f8c</load_address>
         <run_address>0x3f8c</run_address>
         <size>0x6</size>
         <input_file_ref idref="fl-138"/>
      </object_component>
      <object_component id="oc-22f">
         <name>.text:EPIAddressMapSet</name>
         <load_address>0x3f92</load_address>
         <run_address>0x3f92</run_address>
         <size>0x4</size>
         <input_file_ref idref="fl-148"/>
      </object_component>
      <object_component id="oc-223">
         <name>.text:EPIModeSet</name>
         <load_address>0x3f96</load_address>
         <run_address>0x3f96</run_address>
         <size>0x4</size>
         <input_file_ref idref="fl-148"/>
      </object_component>
      <object_component id="oc-1f7">
         <name>.const:asc2_1608</name>
         <load_address>0x3f9c</load_address>
         <run_address>0x3f9c</run_address>
         <size>0x600</size>
         <input_file_ref idref="fl-6"/>
      </object_component>
      <object_component id="oc-20d">
         <name>.const:g_pppui32XTALtoVCO</name>
         <load_address>0x459c</load_address>
         <run_address>0x459c</run_address>
         <size>0x120</size>
         <input_file_ref idref="fl-143"/>
      </object_component>
      <object_component id="oc-214">
         <name>.const:g_pui32Regs</name>
         <load_address>0x46bc</load_address>
         <run_address>0x46bc</run_address>
         <size>0x9c</size>
         <input_file_ref idref="fl-145"/>
      </object_component>
      <object_component id="oc-192">
         <name>.const:g_pui32GPIOBaseAddrs</name>
         <load_address>0x4758</load_address>
         <run_address>0x4758</run_address>
         <size>0x90</size>
         <input_file_ref idref="fl-146"/>
      </object_component>
      <object_component id="oc-219">
         <name>.const</name>
         <load_address>0x47e8</load_address>
         <run_address>0x47e8</run_address>
         <size>0x70</size>
         <input_file_ref idref="fl-145"/>
      </object_component>
      <object_component id="oc-20a">
         <name>.const:g_pui32Xtals</name>
         <load_address>0x4858</load_address>
         <run_address>0x4858</run_address>
         <size>0x6c</size>
         <input_file_ref idref="fl-143"/>
      </object_component>
      <object_component id="oc-281">
         <name>.const:g_sXTALtoMEMTIM</name>
         <load_address>0x48c4</load_address>
         <run_address>0x48c4</run_address>
         <size>0x30</size>
         <input_file_ref idref="fl-143"/>
      </object_component>
      <object_component id="oc-1dc">
         <name>.const</name>
         <load_address>0x48f4</load_address>
         <run_address>0x48f4</run_address>
         <size>0x1c</size>
         <input_file_ref idref="fl-4"/>
      </object_component>
      <object_component id="oc-f2">
         <name>.const</name>
         <load_address>0x4910</load_address>
         <run_address>0x4910</run_address>
         <size>0x14</size>
         <input_file_ref idref="fl-2"/>
      </object_component>
      <object_component id="oc-269">
         <name>.const:.string</name>
         <load_address>0x4924</load_address>
         <run_address>0x4924</run_address>
         <size>0x12</size>
         <input_file_ref idref="fl-4"/>
      </object_component>
      <object_component id="oc-ec">
         <name>.const:.string</name>
         <load_address>0x4936</load_address>
         <run_address>0x4936</run_address>
         <size>0x8</size>
         <input_file_ref idref="fl-2"/>
      </object_component>
      <object_component id="oc-210">
         <name>.const</name>
         <load_address>0x4940</load_address>
         <run_address>0x4940</run_address>
         <size>0x8</size>
         <input_file_ref idref="fl-143"/>
      </object_component>
      <object_component id="oc-2c7">
         <name>.cinit..data.load</name>
         <load_address>0x4948</load_address>
         <run_address>0x4948</run_address>
         <size>0x23</size>
      </object_component>
      <object_component id="oc-2c5">
         <name>__TI_handler_table</name>
         <load_address>0x496c</load_address>
         <run_address>0x496c</run_address>
         <size>0xc</size>
      </object_component>
      <object_component id="oc-2c8">
         <name>.cinit..bss.load</name>
         <load_address>0x4978</load_address>
         <run_address>0x4978</run_address>
         <size>0x8</size>
      </object_component>
      <object_component id="oc-2c6">
         <name>__TI_cinit_table</name>
         <load_address>0x4980</load_address>
         <run_address>0x4980</run_address>
         <size>0x10</size>
      </object_component>
      <object_component id="oc-4f">
         <name>.data</name>
         <load_address>0x20000238</load_address>
         <run_address>0x20000238</run_address>
         <size>0x4</size>
         <input_file_ref idref="fl-13d"/>
      </object_component>
      <object_component id="oc-dd">
         <name>.data</name>
         <load_address>0x20000200</load_address>
         <run_address>0x20000200</run_address>
         <size>0x14</size>
         <input_file_ref idref="fl-2"/>
      </object_component>
      <object_component id="oc-16e">
         <name>.data</name>
         <load_address>0x2000021c</load_address>
         <run_address>0x2000021c</run_address>
         <size>0x8</size>
         <input_file_ref idref="fl-135"/>
      </object_component>
      <object_component id="oc-171">
         <name>.data</name>
         <load_address>0x20000224</load_address>
         <run_address>0x20000224</run_address>
         <size>0x8</size>
         <input_file_ref idref="fl-13a"/>
      </object_component>
      <object_component id="oc-1df">
         <name>.data</name>
         <load_address>0x2000022c</load_address>
         <run_address>0x2000022c</run_address>
         <size>0x5</size>
         <input_file_ref idref="fl-4"/>
      </object_component>
      <object_component id="oc-1f4">
         <name>.data</name>
         <load_address>0x20000214</load_address>
         <run_address>0x20000214</run_address>
         <size>0x8</size>
         <input_file_ref idref="fl-6"/>
      </object_component>
      <object_component id="oc-238">
         <name>.data</name>
         <load_address>0x20000234</load_address>
         <run_address>0x20000234</run_address>
         <size>0x4</size>
         <input_file_ref idref="fl-13c"/>
      </object_component>
      <object_component id="oc-f5">
         <name>.common:a</name>
         <uninitialized>true</uninitialized>
         <run_address>0x2000026c</run_address>
         <size>0x4</size>
      </object_component>
      <object_component id="oc-127">
         <name>.common:g_ui32SysClock</name>
         <uninitialized>true</uninitialized>
         <run_address>0x20000270</run_address>
         <size>0x4</size>
      </object_component>
      <object_component id="oc-152">
         <name>.common:TouchXData</name>
         <uninitialized>true</uninitialized>
         <run_address>0x2000023c</run_address>
         <size>0x18</size>
      </object_component>
      <object_component id="oc-157">
         <name>.common:TouchYData</name>
         <uninitialized>true</uninitialized>
         <run_address>0x20000254</run_address>
         <size>0x18</size>
      </object_component>
      <object_component id="oc-28">
         <name>.stack</name>
         <uninitialized>true</uninitialized>
         <run_address>0x20000000</run_address>
         <size>0x0</size>
         <input_file_ref idref="fl-136"/>
      </object_component>
      <object_component id="oc-2c9">
         <name>.stack</name>
         <uninitialized>true</uninitialized>
         <run_address>0x20000000</run_address>
         <size>0x0</size>
      </object_component>
      <object_component id="oc-f">
         <name>.debug_info</name>
         <load_address>0x0</load_address>
         <run_address>0x0</run_address>
         <size>0xea</size>
         <input_file_ref idref="fl-3"/>
      </object_component>
      <object_component id="oc-13">
         <name>.debug_info</name>
         <load_address>0xea</load_address>
         <run_address>0xea</run_address>
         <size>0xf3</size>
         <input_file_ref idref="fl-136"/>
      </object_component>
      <object_component id="oc-17">
         <name>.debug_info</name>
         <load_address>0x1dd</load_address>
         <run_address>0x1dd</run_address>
         <size>0x194</size>
         <input_file_ref idref="fl-137"/>
      </object_component>
      <object_component id="oc-1d">
         <name>.debug_info</name>
         <load_address>0x371</load_address>
         <run_address>0x371</run_address>
         <size>0x16a</size>
         <input_file_ref idref="fl-139"/>
      </object_component>
      <object_component id="oc-25">
         <name>.debug_info</name>
         <load_address>0x4db</load_address>
         <run_address>0x4db</run_address>
         <size>0x18e</size>
         <input_file_ref idref="fl-138"/>
      </object_component>
      <object_component id="oc-2c">
         <name>.debug_info</name>
         <load_address>0x669</load_address>
         <run_address>0x669</run_address>
         <size>0x269</size>
         <input_file_ref idref="fl-3"/>
      </object_component>
      <object_component id="oc-33">
         <name>.debug_info</name>
         <load_address>0x8d2</load_address>
         <run_address>0x8d2</run_address>
         <size>0xb04</size>
         <input_file_ref idref="fl-5"/>
      </object_component>
      <object_component id="oc-36">
         <name>.debug_info</name>
         <load_address>0x13d6</load_address>
         <run_address>0x13d6</run_address>
         <size>0x2abb</size>
         <input_file_ref idref="fl-2"/>
      </object_component>
      <object_component id="oc-3d">
         <name>.debug_info</name>
         <load_address>0x3e91</load_address>
         <run_address>0x3e91</run_address>
         <size>0x141</size>
         <input_file_ref idref="fl-3"/>
      </object_component>
      <object_component id="oc-3f">
         <name>.debug_info</name>
         <load_address>0x3fd2</load_address>
         <run_address>0x3fd2</run_address>
         <size>0x13d</size>
         <input_file_ref idref="fl-140"/>
      </object_component>
      <object_component id="oc-45">
         <name>.debug_info</name>
         <load_address>0x410f</load_address>
         <run_address>0x410f</run_address>
         <size>0x11c</size>
         <input_file_ref idref="fl-13f"/>
      </object_component>
      <object_component id="oc-4b">
         <name>.debug_info</name>
         <load_address>0x422b</load_address>
         <run_address>0x422b</run_address>
         <size>0x1c2</size>
         <input_file_ref idref="fl-13a"/>
      </object_component>
      <object_component id="oc-50">
         <name>.debug_info</name>
         <load_address>0x43ed</load_address>
         <run_address>0x43ed</run_address>
         <size>0xbe</size>
         <input_file_ref idref="fl-13d"/>
      </object_component>
      <object_component id="oc-54">
         <name>.debug_info</name>
         <load_address>0x44ab</load_address>
         <run_address>0x44ab</run_address>
         <size>0xcc</size>
         <input_file_ref idref="fl-13b"/>
      </object_component>
      <object_component id="oc-59">
         <name>.debug_info</name>
         <load_address>0x4577</load_address>
         <run_address>0x4577</run_address>
         <size>0x46</size>
         <input_file_ref idref="fl-137"/>
      </object_component>
      <object_component id="oc-5e">
         <name>.debug_info</name>
         <load_address>0x45bd</load_address>
         <run_address>0x45bd</run_address>
         <size>0xf2</size>
         <input_file_ref idref="fl-137"/>
      </object_component>
      <object_component id="oc-60">
         <name>.debug_info</name>
         <load_address>0x46af</load_address>
         <run_address>0x46af</run_address>
         <size>0x46</size>
         <input_file_ref idref="fl-139"/>
      </object_component>
      <object_component id="oc-65">
         <name>.debug_info</name>
         <load_address>0x46f5</load_address>
         <run_address>0x46f5</run_address>
         <size>0xad</size>
         <input_file_ref idref="fl-139"/>
      </object_component>
      <object_component id="oc-69">
         <name>.debug_info</name>
         <load_address>0x47a2</load_address>
         <run_address>0x47a2</run_address>
         <size>0x1ef</size>
         <input_file_ref idref="fl-138"/>
      </object_component>
      <object_component id="oc-6d">
         <name>.debug_info</name>
         <load_address>0x4991</load_address>
         <run_address>0x4991</run_address>
         <size>0xb7</size>
         <input_file_ref idref="fl-138"/>
      </object_component>
      <object_component id="oc-6e">
         <name>.debug_info</name>
         <load_address>0x4a48</load_address>
         <run_address>0x4a48</run_address>
         <size>0x39</size>
         <input_file_ref idref="fl-138"/>
      </object_component>
      <object_component id="oc-76">
         <name>.debug_info</name>
         <load_address>0x4a81</load_address>
         <run_address>0x4a81</run_address>
         <size>0x1e1</size>
         <input_file_ref idref="fl-143"/>
      </object_component>
      <object_component id="oc-7e">
         <name>.debug_info</name>
         <load_address>0x4c62</load_address>
         <run_address>0x4c62</run_address>
         <size>0x1e4</size>
         <input_file_ref idref="fl-146"/>
      </object_component>
      <object_component id="oc-84">
         <name>.debug_info</name>
         <load_address>0x4e46</load_address>
         <run_address>0x4e46</run_address>
         <size>0x1dd</size>
         <input_file_ref idref="fl-146"/>
      </object_component>
      <object_component id="oc-87">
         <name>.debug_info</name>
         <load_address>0x5023</load_address>
         <run_address>0x5023</run_address>
         <size>0x3c2</size>
         <input_file_ref idref="fl-144"/>
      </object_component>
      <object_component id="oc-90">
         <name>.debug_info</name>
         <load_address>0x53e5</load_address>
         <run_address>0x53e5</run_address>
         <size>0x1a6</size>
         <input_file_ref idref="fl-144"/>
      </object_component>
      <object_component id="oc-96">
         <name>.debug_info</name>
         <load_address>0x558b</load_address>
         <run_address>0x558b</run_address>
         <size>0x1fe</size>
         <input_file_ref idref="fl-144"/>
      </object_component>
      <object_component id="oc-9c">
         <name>.debug_info</name>
         <load_address>0x5789</load_address>
         <run_address>0x5789</run_address>
         <size>0x1eb</size>
         <input_file_ref idref="fl-146"/>
      </object_component>
      <object_component id="oc-a2">
         <name>.debug_info</name>
         <load_address>0x5974</load_address>
         <run_address>0x5974</run_address>
         <size>0x1e9</size>
         <input_file_ref idref="fl-146"/>
      </object_component>
      <object_component id="oc-a9">
         <name>.debug_info</name>
         <load_address>0x5b5d</load_address>
         <run_address>0x5b5d</run_address>
         <size>0x1df</size>
         <input_file_ref idref="fl-146"/>
      </object_component>
      <object_component id="oc-ac">
         <name>.debug_info</name>
         <load_address>0x5d3c</load_address>
         <run_address>0x5d3c</run_address>
         <size>0x18b</size>
         <input_file_ref idref="fl-2"/>
      </object_component>
      <object_component id="oc-b1">
         <name>.debug_info</name>
         <load_address>0x5ec7</load_address>
         <run_address>0x5ec7</run_address>
         <size>0x342</size>
         <input_file_ref idref="fl-5"/>
      </object_component>
      <object_component id="oc-b7">
         <name>.debug_info</name>
         <load_address>0x6209</load_address>
         <run_address>0x6209</run_address>
         <size>0x207</size>
         <input_file_ref idref="fl-146"/>
      </object_component>
      <object_component id="oc-bd">
         <name>.debug_info</name>
         <load_address>0x6410</load_address>
         <run_address>0x6410</run_address>
         <size>0x1d4</size>
         <input_file_ref idref="fl-135"/>
      </object_component>
      <object_component id="oc-c1">
         <name>.debug_info</name>
         <load_address>0x65e4</load_address>
         <run_address>0x65e4</run_address>
         <size>0x1eb</size>
         <input_file_ref idref="fl-143"/>
      </object_component>
      <object_component id="oc-c9">
         <name>.debug_info</name>
         <load_address>0x67cf</load_address>
         <run_address>0x67cf</run_address>
         <size>0x21f</size>
         <input_file_ref idref="fl-146"/>
      </object_component>
      <object_component id="oc-cf">
         <name>.debug_info</name>
         <load_address>0x69ee</load_address>
         <run_address>0x69ee</run_address>
         <size>0x1f3</size>
         <input_file_ref idref="fl-146"/>
      </object_component>
      <object_component id="oc-d5">
         <name>.debug_info</name>
         <load_address>0x6be1</load_address>
         <run_address>0x6be1</run_address>
         <size>0x1e3</size>
         <input_file_ref idref="fl-146"/>
      </object_component>
      <object_component id="oc-db">
         <name>.debug_info</name>
         <load_address>0x6dc4</load_address>
         <run_address>0x6dc4</run_address>
         <size>0x1f1</size>
         <input_file_ref idref="fl-146"/>
      </object_component>
      <object_component id="oc-de">
         <name>.debug_info</name>
         <load_address>0x6fb5</load_address>
         <run_address>0x6fb5</run_address>
         <size>0x12a</size>
         <input_file_ref idref="fl-2"/>
      </object_component>
      <object_component id="oc-e4">
         <name>.debug_info</name>
         <load_address>0x70df</load_address>
         <run_address>0x70df</run_address>
         <size>0x1df</size>
         <input_file_ref idref="fl-146"/>
      </object_component>
      <object_component id="oc-e7">
         <name>.debug_info</name>
         <load_address>0x72be</load_address>
         <run_address>0x72be</run_address>
         <size>0x77e</size>
         <input_file_ref idref="fl-4"/>
      </object_component>
      <object_component id="oc-ed">
         <name>.debug_info</name>
         <load_address>0x7a3c</load_address>
         <run_address>0x7a3c</run_address>
         <size>0x12d</size>
         <input_file_ref idref="fl-2"/>
      </object_component>
      <object_component id="oc-f0">
         <name>.debug_info</name>
         <load_address>0x7b69</load_address>
         <run_address>0x7b69</run_address>
         <size>0x846</size>
         <input_file_ref idref="fl-2"/>
      </object_component>
      <object_component id="oc-f3">
         <name>.debug_info</name>
         <load_address>0x83af</load_address>
         <run_address>0x83af</run_address>
         <size>0xdc</size>
         <input_file_ref idref="fl-2"/>
      </object_component>
      <object_component id="oc-f8">
         <name>.debug_info</name>
         <load_address>0x848b</load_address>
         <run_address>0x848b</run_address>
         <size>0x1a07</size>
         <input_file_ref idref="fl-6"/>
      </object_component>
      <object_component id="oc-fe">
         <name>.debug_info</name>
         <load_address>0x9e92</load_address>
         <run_address>0x9e92</run_address>
         <size>0x171</size>
         <input_file_ref idref="fl-147"/>
      </object_component>
      <object_component id="oc-104">
         <name>.debug_info</name>
         <load_address>0xa003</load_address>
         <run_address>0xa003</run_address>
         <size>0x189</size>
         <input_file_ref idref="fl-147"/>
      </object_component>
      <object_component id="oc-10a">
         <name>.debug_info</name>
         <load_address>0xa18c</load_address>
         <run_address>0xa18c</run_address>
         <size>0x4c5</size>
         <input_file_ref idref="fl-143"/>
      </object_component>
      <object_component id="oc-110">
         <name>.debug_info</name>
         <load_address>0xa651</load_address>
         <run_address>0xa651</run_address>
         <size>0x22d</size>
         <input_file_ref idref="fl-145"/>
      </object_component>
      <object_component id="oc-116">
         <name>.debug_info</name>
         <load_address>0xa87e</load_address>
         <run_address>0xa87e</run_address>
         <size>0x1cc</size>
         <input_file_ref idref="fl-145"/>
      </object_component>
      <object_component id="oc-11d">
         <name>.debug_info</name>
         <load_address>0xaa4a</load_address>
         <run_address>0xaa4a</run_address>
         <size>0x28c</size>
         <input_file_ref idref="fl-7"/>
      </object_component>
      <object_component id="oc-125">
         <name>.debug_info</name>
         <load_address>0xacd6</load_address>
         <run_address>0xacd6</run_address>
         <size>0x25f</size>
         <input_file_ref idref="fl-144"/>
      </object_component>
      <object_component id="oc-12c">
         <name>.debug_info</name>
         <load_address>0xaf35</load_address>
         <run_address>0xaf35</run_address>
         <size>0x263</size>
         <input_file_ref idref="fl-144"/>
      </object_component>
      <object_component id="oc-13b">
         <name>.debug_info</name>
         <load_address>0xb198</load_address>
         <run_address>0xb198</run_address>
         <size>0x159</size>
         <input_file_ref idref="fl-13c"/>
      </object_component>
      <object_component id="oc-159">
         <name>.debug_info</name>
         <load_address>0xb2f1</load_address>
         <run_address>0xb2f1</run_address>
         <size>0x8b</size>
         <input_file_ref idref="fl-2"/>
      </object_component>
      <object_component id="oc-160">
         <name>.debug_info</name>
         <load_address>0xb37c</load_address>
         <run_address>0xb37c</run_address>
         <size>0x84</size>
         <input_file_ref idref="fl-3"/>
      </object_component>
      <object_component id="oc-168">
         <name>.debug_info</name>
         <load_address>0xb400</load_address>
         <run_address>0xb400</run_address>
         <size>0x14b</size>
         <input_file_ref idref="fl-141"/>
      </object_component>
      <object_component id="oc-16d">
         <name>.debug_info</name>
         <load_address>0xb54b</load_address>
         <run_address>0xb54b</run_address>
         <size>0x11b</size>
         <input_file_ref idref="fl-13f"/>
      </object_component>
      <object_component id="oc-16f">
         <name>.debug_info</name>
         <load_address>0xb666</load_address>
         <run_address>0xb666</run_address>
         <size>0xc8</size>
         <input_file_ref idref="fl-135"/>
      </object_component>
      <object_component id="oc-172">
         <name>.debug_info</name>
         <load_address>0xb72e</load_address>
         <run_address>0xb72e</run_address>
         <size>0xeb</size>
         <input_file_ref idref="fl-13a"/>
      </object_component>
      <object_component id="oc-175">
         <name>.debug_info</name>
         <load_address>0xb819</load_address>
         <run_address>0xb819</run_address>
         <size>0x146</size>
         <input_file_ref idref="fl-13a"/>
      </object_component>
      <object_component id="oc-17a">
         <name>.debug_info</name>
         <load_address>0xb95f</load_address>
         <run_address>0xb95f</run_address>
         <size>0x2c</size>
         <input_file_ref idref="fl-137"/>
      </object_component>
      <object_component id="oc-181">
         <name>.debug_info</name>
         <load_address>0xb98b</load_address>
         <run_address>0xb98b</run_address>
         <size>0x2c</size>
         <input_file_ref idref="fl-2"/>
      </object_component>
      <object_component id="oc-18c">
         <name>.debug_info</name>
         <load_address>0xb9b7</load_address>
         <run_address>0xb9b7</run_address>
         <size>0x18b</size>
         <input_file_ref idref="fl-142"/>
      </object_component>
      <object_component id="oc-191">
         <name>.debug_info</name>
         <load_address>0xbb42</load_address>
         <run_address>0xbb42</run_address>
         <size>0x226</size>
         <input_file_ref idref="fl-143"/>
      </object_component>
      <object_component id="oc-193">
         <name>.debug_info</name>
         <load_address>0xbd68</load_address>
         <run_address>0xbd68</run_address>
         <size>0x10d</size>
         <input_file_ref idref="fl-146"/>
      </object_component>
      <object_component id="oc-196">
         <name>.debug_info</name>
         <load_address>0xbe75</load_address>
         <run_address>0xbe75</run_address>
         <size>0x1d7</size>
         <input_file_ref idref="fl-146"/>
      </object_component>
      <object_component id="oc-19b">
         <name>.debug_info</name>
         <load_address>0xc04c</load_address>
         <run_address>0xc04c</run_address>
         <size>0x217</size>
         <input_file_ref idref="fl-146"/>
      </object_component>
      <object_component id="oc-1a1">
         <name>.debug_info</name>
         <load_address>0xc263</load_address>
         <run_address>0xc263</run_address>
         <size>0x312</size>
         <input_file_ref idref="fl-146"/>
      </object_component>
      <object_component id="oc-1a5">
         <name>.debug_info</name>
         <load_address>0xc575</load_address>
         <run_address>0xc575</run_address>
         <size>0x1c3</size>
         <input_file_ref idref="fl-144"/>
      </object_component>
      <object_component id="oc-1af">
         <name>.debug_info</name>
         <load_address>0xc738</load_address>
         <run_address>0xc738</run_address>
         <size>0xd9</size>
         <input_file_ref idref="fl-135"/>
      </object_component>
      <object_component id="oc-1b5">
         <name>.debug_info</name>
         <load_address>0xc811</load_address>
         <run_address>0xc811</run_address>
         <size>0x90</size>
         <input_file_ref idref="fl-142"/>
      </object_component>
      <object_component id="oc-1c0">
         <name>.debug_info</name>
         <load_address>0xc8a1</load_address>
         <run_address>0xc8a1</run_address>
         <size>0x1e7</size>
         <input_file_ref idref="fl-143"/>
      </object_component>
      <object_component id="oc-1c7">
         <name>.debug_info</name>
         <load_address>0xca88</load_address>
         <run_address>0xca88</run_address>
         <size>0x28a</size>
         <input_file_ref idref="fl-142"/>
      </object_component>
      <object_component id="oc-1cd">
         <name>.debug_info</name>
         <load_address>0xcd12</load_address>
         <run_address>0xcd12</run_address>
         <size>0x1ab</size>
         <input_file_ref idref="fl-142"/>
      </object_component>
      <object_component id="oc-1d3">
         <name>.debug_info</name>
         <load_address>0xcebd</load_address>
         <run_address>0xcebd</run_address>
         <size>0x25d</size>
         <input_file_ref idref="fl-142"/>
      </object_component>
      <object_component id="oc-1d9">
         <name>.debug_info</name>
         <load_address>0xd11a</load_address>
         <run_address>0xd11a</run_address>
         <size>0x237</size>
         <input_file_ref idref="fl-142"/>
      </object_component>
      <object_component id="oc-1dd">
         <name>.debug_info</name>
         <load_address>0xd351</load_address>
         <run_address>0xd351</run_address>
         <size>0x12b</size>
         <input_file_ref idref="fl-4"/>
      </object_component>
      <object_component id="oc-1e0">
         <name>.debug_info</name>
         <load_address>0xd47c</load_address>
         <run_address>0xd47c</run_address>
         <size>0xd5</size>
         <input_file_ref idref="fl-4"/>
      </object_component>
      <object_component id="oc-1e4">
         <name>.debug_info</name>
         <load_address>0xd551</load_address>
         <run_address>0xd551</run_address>
         <size>0x137</size>
         <input_file_ref idref="fl-13e"/>
      </object_component>
      <object_component id="oc-1e8">
         <name>.debug_info</name>
         <load_address>0xd688</load_address>
         <run_address>0xd688</run_address>
         <size>0x238</size>
         <input_file_ref idref="fl-4"/>
      </object_component>
      <object_component id="oc-1e9">
         <name>.debug_info</name>
         <load_address>0xd8c0</load_address>
         <run_address>0xd8c0</run_address>
         <size>0x4e</size>
         <input_file_ref idref="fl-2"/>
      </object_component>
      <object_component id="oc-1f5">
         <name>.debug_info</name>
         <load_address>0xd90e</load_address>
         <run_address>0xd90e</run_address>
         <size>0x116</size>
         <input_file_ref idref="fl-6"/>
      </object_component>
      <object_component id="oc-1f8">
         <name>.debug_info</name>
         <load_address>0xda24</load_address>
         <run_address>0xda24</run_address>
         <size>0xed</size>
         <input_file_ref idref="fl-6"/>
      </object_component>
      <object_component id="oc-1fb">
         <name>.debug_info</name>
         <load_address>0xdb11</load_address>
         <run_address>0xdb11</run_address>
         <size>0x467</size>
         <input_file_ref idref="fl-6"/>
      </object_component>
      <object_component id="oc-1ff">
         <name>.debug_info</name>
         <load_address>0xdf78</load_address>
         <run_address>0xdf78</run_address>
         <size>0x264</size>
         <input_file_ref idref="fl-143"/>
      </object_component>
      <object_component id="oc-205">
         <name>.debug_info</name>
         <load_address>0xe1dc</load_address>
         <run_address>0xe1dc</run_address>
         <size>0x21e</size>
         <input_file_ref idref="fl-143"/>
      </object_component>
      <object_component id="oc-20b">
         <name>.debug_info</name>
         <load_address>0xe3fa</load_address>
         <run_address>0xe3fa</run_address>
         <size>0xff</size>
         <input_file_ref idref="fl-143"/>
      </object_component>
      <object_component id="oc-20e">
         <name>.debug_info</name>
         <load_address>0xe4f9</load_address>
         <run_address>0xe4f9</run_address>
         <size>0x10b</size>
         <input_file_ref idref="fl-143"/>
      </object_component>
      <object_component id="oc-211">
         <name>.debug_info</name>
         <load_address>0xe604</load_address>
         <run_address>0xe604</run_address>
         <size>0x112</size>
         <input_file_ref idref="fl-143"/>
      </object_component>
      <object_component id="oc-215">
         <name>.debug_info</name>
         <load_address>0xe716</load_address>
         <run_address>0xe716</run_address>
         <size>0x100</size>
         <input_file_ref idref="fl-145"/>
      </object_component>
      <object_component id="oc-218">
         <name>.debug_info</name>
         <load_address>0xe816</load_address>
         <run_address>0xe816</run_address>
         <size>0x1ba</size>
         <input_file_ref idref="fl-145"/>
      </object_component>
      <object_component id="oc-21a">
         <name>.debug_info</name>
         <load_address>0xe9d0</load_address>
         <run_address>0xe9d0</run_address>
         <size>0x1c2</size>
         <input_file_ref idref="fl-145"/>
      </object_component>
      <object_component id="oc-221">
         <name>.debug_info</name>
         <load_address>0xeb92</load_address>
         <run_address>0xeb92</run_address>
         <size>0x1dd</size>
         <input_file_ref idref="fl-146"/>
      </object_component>
      <object_component id="oc-225">
         <name>.debug_info</name>
         <load_address>0xed6f</load_address>
         <run_address>0xed6f</run_address>
         <size>0x1d8</size>
         <input_file_ref idref="fl-148"/>
      </object_component>
      <object_component id="oc-22b">
         <name>.debug_info</name>
         <load_address>0xef47</load_address>
         <run_address>0xef47</run_address>
         <size>0x22c</size>
         <input_file_ref idref="fl-148"/>
      </object_component>
      <object_component id="oc-231">
         <name>.debug_info</name>
         <load_address>0xf173</load_address>
         <run_address>0xf173</run_address>
         <size>0x1e2</size>
         <input_file_ref idref="fl-148"/>
      </object_component>
      <object_component id="oc-239">
         <name>.debug_info</name>
         <load_address>0xf355</load_address>
         <run_address>0xf355</run_address>
         <size>0xa5</size>
         <input_file_ref idref="fl-13c"/>
      </object_component>
      <object_component id="oc-23c">
         <name>.debug_info</name>
         <load_address>0xf3fa</load_address>
         <run_address>0xf3fa</run_address>
         <size>0xca</size>
         <input_file_ref idref="fl-13c"/>
      </object_component>
      <object_component id="oc-23e">
         <name>.debug_info</name>
         <load_address>0xf4c4</load_address>
         <run_address>0xf4c4</run_address>
         <size>0x148</size>
         <input_file_ref idref="fl-141"/>
      </object_component>
      <object_component id="oc-241">
         <name>.debug_info</name>
         <load_address>0xf60c</load_address>
         <run_address>0xf60c</run_address>
         <size>0x5e</size>
         <input_file_ref idref="fl-13f"/>
      </object_component>
      <object_component id="oc-24e">
         <name>.debug_info</name>
         <load_address>0xf66a</load_address>
         <run_address>0xf66a</run_address>
         <size>0x5f</size>
         <input_file_ref idref="fl-143"/>
      </object_component>
      <object_component id="oc-261">
         <name>.debug_info</name>
         <load_address>0xf6c9</load_address>
         <run_address>0xf6c9</run_address>
         <size>0x233</size>
         <input_file_ref idref="fl-142"/>
      </object_component>
      <object_component id="oc-265">
         <name>.debug_info</name>
         <load_address>0xf8fc</load_address>
         <run_address>0xf8fc</run_address>
         <size>0x1ce</size>
         <input_file_ref idref="fl-142"/>
      </object_component>
      <object_component id="oc-273">
         <name>.debug_info</name>
         <load_address>0xfaca</load_address>
         <run_address>0xfaca</run_address>
         <size>0x47</size>
         <input_file_ref idref="fl-6"/>
      </object_component>
      <object_component id="oc-27c">
         <name>.debug_info</name>
         <load_address>0xfb11</load_address>
         <run_address>0xfb11</run_address>
         <size>0x6bd</size>
         <input_file_ref idref="fl-6"/>
      </object_component>
      <object_component id="oc-282">
         <name>.debug_info</name>
         <load_address>0x101ce</load_address>
         <run_address>0x101ce</run_address>
         <size>0x105</size>
         <input_file_ref idref="fl-143"/>
      </object_component>
      <object_component id="oc-294">
         <name>.debug_info</name>
         <load_address>0x102d3</load_address>
         <run_address>0x102d3</run_address>
         <size>0x1a6</size>
         <input_file_ref idref="fl-148"/>
      </object_component>
      <object_component id="oc-29d">
         <name>.debug_info</name>
         <load_address>0x10479</load_address>
         <run_address>0x10479</run_address>
         <size>0xcd</size>
         <input_file_ref idref="fl-141"/>
      </object_component>
      <object_component id="oc-2ca">
         <name>.debug_info</name>
         <load_address>0x10546</load_address>
         <run_address>0x10546</run_address>
         <size>0xa3</size>
      </object_component>
      <object_component id="oc-10">
         <name>.debug_pubnames</name>
         <load_address>0x0</load_address>
         <run_address>0x0</run_address>
         <size>0x23</size>
         <input_file_ref idref="fl-3"/>
      </object_component>
      <object_component id="oc-14">
         <name>.debug_pubnames</name>
         <load_address>0x23</load_address>
         <run_address>0x23</run_address>
         <size>0x1f</size>
         <input_file_ref idref="fl-136"/>
      </object_component>
      <object_component id="oc-18">
         <name>.debug_pubnames</name>
         <load_address>0x42</load_address>
         <run_address>0x42</run_address>
         <size>0x2b</size>
         <input_file_ref idref="fl-137"/>
      </object_component>
      <object_component id="oc-1e">
         <name>.debug_pubnames</name>
         <load_address>0x6d</load_address>
         <run_address>0x6d</run_address>
         <size>0x25</size>
         <input_file_ref idref="fl-139"/>
      </object_component>
      <object_component id="oc-26">
         <name>.debug_pubnames</name>
         <load_address>0x92</load_address>
         <run_address>0x92</run_address>
         <size>0x2c</size>
         <input_file_ref idref="fl-138"/>
      </object_component>
      <object_component id="oc-2d">
         <name>.debug_pubnames</name>
         <load_address>0xbe</load_address>
         <run_address>0xbe</run_address>
         <size>0x4c</size>
         <input_file_ref idref="fl-3"/>
      </object_component>
      <object_component id="oc-34">
         <name>.debug_pubnames</name>
         <load_address>0x10a</load_address>
         <run_address>0x10a</run_address>
         <size>0xbb</size>
         <input_file_ref idref="fl-5"/>
      </object_component>
      <object_component id="oc-37">
         <name>.debug_pubnames</name>
         <load_address>0x1c5</load_address>
         <run_address>0x1c5</run_address>
         <size>0x233</size>
         <input_file_ref idref="fl-2"/>
      </object_component>
      <object_component id="oc-40">
         <name>.debug_pubnames</name>
         <load_address>0x3f8</load_address>
         <run_address>0x3f8</run_address>
         <size>0x37</size>
         <input_file_ref idref="fl-140"/>
      </object_component>
      <object_component id="oc-47">
         <name>.debug_pubnames</name>
         <load_address>0x42f</load_address>
         <run_address>0x42f</run_address>
         <size>0x21</size>
         <input_file_ref idref="fl-13f"/>
      </object_component>
      <object_component id="oc-4c">
         <name>.debug_pubnames</name>
         <load_address>0x450</load_address>
         <run_address>0x450</run_address>
         <size>0x35</size>
         <input_file_ref idref="fl-13a"/>
      </object_component>
      <object_component id="oc-51">
         <name>.debug_pubnames</name>
         <load_address>0x485</load_address>
         <run_address>0x485</run_address>
         <size>0x23</size>
         <input_file_ref idref="fl-13d"/>
      </object_component>
      <object_component id="oc-56">
         <name>.debug_pubnames</name>
         <load_address>0x4a8</load_address>
         <run_address>0x4a8</run_address>
         <size>0x1d</size>
         <input_file_ref idref="fl-13b"/>
      </object_component>
      <object_component id="oc-6b">
         <name>.debug_pubnames</name>
         <load_address>0x4c5</load_address>
         <run_address>0x4c5</run_address>
         <size>0x2f</size>
         <input_file_ref idref="fl-138"/>
      </object_component>
      <object_component id="oc-78">
         <name>.debug_pubnames</name>
         <load_address>0x4f4</load_address>
         <run_address>0x4f4</run_address>
         <size>0x2d</size>
         <input_file_ref idref="fl-143"/>
      </object_component>
      <object_component id="oc-7f">
         <name>.debug_pubnames</name>
         <load_address>0x521</load_address>
         <run_address>0x521</run_address>
         <size>0x27</size>
         <input_file_ref idref="fl-146"/>
      </object_component>
      <object_component id="oc-85">
         <name>.debug_pubnames</name>
         <load_address>0x548</load_address>
         <run_address>0x548</run_address>
         <size>0x25</size>
         <input_file_ref idref="fl-146"/>
      </object_component>
      <object_component id="oc-89">
         <name>.debug_pubnames</name>
         <load_address>0x56d</load_address>
         <run_address>0x56d</run_address>
         <size>0x29</size>
         <input_file_ref idref="fl-144"/>
      </object_component>
      <object_component id="oc-91">
         <name>.debug_pubnames</name>
         <load_address>0x596</load_address>
         <run_address>0x596</run_address>
         <size>0x20</size>
         <input_file_ref idref="fl-144"/>
      </object_component>
      <object_component id="oc-97">
         <name>.debug_pubnames</name>
         <load_address>0x5b6</load_address>
         <run_address>0x5b6</run_address>
         <size>0x2c</size>
         <input_file_ref idref="fl-144"/>
      </object_component>
      <object_component id="oc-9d">
         <name>.debug_pubnames</name>
         <load_address>0x5e2</load_address>
         <run_address>0x5e2</run_address>
         <size>0x2c</size>
         <input_file_ref idref="fl-146"/>
      </object_component>
      <object_component id="oc-a3">
         <name>.debug_pubnames</name>
         <load_address>0x60e</load_address>
         <run_address>0x60e</run_address>
         <size>0x2b</size>
         <input_file_ref idref="fl-146"/>
      </object_component>
      <object_component id="oc-aa">
         <name>.debug_pubnames</name>
         <load_address>0x639</load_address>
         <run_address>0x639</run_address>
         <size>0x22</size>
         <input_file_ref idref="fl-146"/>
      </object_component>
      <object_component id="oc-b2">
         <name>.debug_pubnames</name>
         <load_address>0x65b</load_address>
         <run_address>0x65b</run_address>
         <size>0x1e</size>
         <input_file_ref idref="fl-5"/>
      </object_component>
      <object_component id="oc-b8">
         <name>.debug_pubnames</name>
         <load_address>0x679</load_address>
         <run_address>0x679</run_address>
         <size>0x23</size>
         <input_file_ref idref="fl-146"/>
      </object_component>
      <object_component id="oc-be">
         <name>.debug_pubnames</name>
         <load_address>0x69c</load_address>
         <run_address>0x69c</run_address>
         <size>0x43</size>
         <input_file_ref idref="fl-135"/>
      </object_component>
      <object_component id="oc-c3">
         <name>.debug_pubnames</name>
         <load_address>0x6df</load_address>
         <run_address>0x6df</run_address>
         <size>0x2a</size>
         <input_file_ref idref="fl-143"/>
      </object_component>
      <object_component id="oc-ca">
         <name>.debug_pubnames</name>
         <load_address>0x709</load_address>
         <run_address>0x709</run_address>
         <size>0x25</size>
         <input_file_ref idref="fl-146"/>
      </object_component>
      <object_component id="oc-d0">
         <name>.debug_pubnames</name>
         <load_address>0x72e</load_address>
         <run_address>0x72e</run_address>
         <size>0x24</size>
         <input_file_ref idref="fl-146"/>
      </object_component>
      <object_component id="oc-d6">
         <name>.debug_pubnames</name>
         <load_address>0x752</load_address>
         <run_address>0x752</run_address>
         <size>0x24</size>
         <input_file_ref idref="fl-146"/>
      </object_component>
      <object_component id="oc-dc">
         <name>.debug_pubnames</name>
         <load_address>0x776</load_address>
         <run_address>0x776</run_address>
         <size>0x23</size>
         <input_file_ref idref="fl-146"/>
      </object_component>
      <object_component id="oc-df">
         <name>.debug_pubnames</name>
         <load_address>0x799</load_address>
         <run_address>0x799</run_address>
         <size>0x3f</size>
         <input_file_ref idref="fl-2"/>
      </object_component>
      <object_component id="oc-e5">
         <name>.debug_pubnames</name>
         <load_address>0x7d8</load_address>
         <run_address>0x7d8</run_address>
         <size>0x26</size>
         <input_file_ref idref="fl-146"/>
      </object_component>
      <object_component id="oc-e9">
         <name>.debug_pubnames</name>
         <load_address>0x7fe</load_address>
         <run_address>0x7fe</run_address>
         <size>0x6d</size>
         <input_file_ref idref="fl-4"/>
      </object_component>
      <object_component id="oc-ee">
         <name>.debug_pubnames</name>
         <load_address>0x86b</load_address>
         <run_address>0x86b</run_address>
         <size>0x42</size>
         <input_file_ref idref="fl-2"/>
      </object_component>
      <object_component id="oc-f1">
         <name>.debug_pubnames</name>
         <load_address>0x8ad</load_address>
         <run_address>0x8ad</run_address>
         <size>0x64</size>
         <input_file_ref idref="fl-2"/>
      </object_component>
      <object_component id="oc-f4">
         <name>.debug_pubnames</name>
         <load_address>0x911</load_address>
         <run_address>0x911</run_address>
         <size>0x24</size>
         <input_file_ref idref="fl-2"/>
      </object_component>
      <object_component id="oc-fa">
         <name>.debug_pubnames</name>
         <load_address>0x935</load_address>
         <run_address>0x935</run_address>
         <size>0x154</size>
         <input_file_ref idref="fl-6"/>
      </object_component>
      <object_component id="oc-ff">
         <name>.debug_pubnames</name>
         <load_address>0xa89</load_address>
         <run_address>0xa89</run_address>
         <size>0x20</size>
         <input_file_ref idref="fl-147"/>
      </object_component>
      <object_component id="oc-105">
         <name>.debug_pubnames</name>
         <load_address>0xaa9</load_address>
         <run_address>0xaa9</run_address>
         <size>0x2c</size>
         <input_file_ref idref="fl-147"/>
      </object_component>
      <object_component id="oc-10c">
         <name>.debug_pubnames</name>
         <load_address>0xad5</load_address>
         <run_address>0xad5</run_address>
         <size>0x29</size>
         <input_file_ref idref="fl-143"/>
      </object_component>
      <object_component id="oc-112">
         <name>.debug_pubnames</name>
         <load_address>0xafe</load_address>
         <run_address>0xafe</run_address>
         <size>0x25</size>
         <input_file_ref idref="fl-145"/>
      </object_component>
      <object_component id="oc-118">
         <name>.debug_pubnames</name>
         <load_address>0xb23</load_address>
         <run_address>0xb23</run_address>
         <size>0x20</size>
         <input_file_ref idref="fl-145"/>
      </object_component>
      <object_component id="oc-11e">
         <name>.debug_pubnames</name>
         <load_address>0xb43</load_address>
         <run_address>0xb43</run_address>
         <size>0x22</size>
         <input_file_ref idref="fl-7"/>
      </object_component>
      <object_component id="oc-126">
         <name>.debug_pubnames</name>
         <load_address>0xb65</load_address>
         <run_address>0xb65</run_address>
         <size>0x21</size>
         <input_file_ref idref="fl-144"/>
      </object_component>
      <object_component id="oc-12d">
         <name>.debug_pubnames</name>
         <load_address>0xb86</load_address>
         <run_address>0xb86</run_address>
         <size>0x21</size>
         <input_file_ref idref="fl-144"/>
      </object_component>
      <object_component id="oc-13c">
         <name>.debug_pubnames</name>
         <load_address>0xba7</load_address>
         <run_address>0xba7</run_address>
         <size>0x25</size>
         <input_file_ref idref="fl-13c"/>
      </object_component>
      <object_component id="oc-169">
         <name>.debug_pubnames</name>
         <load_address>0xbcc</load_address>
         <run_address>0xbcc</run_address>
         <size>0x1e</size>
         <input_file_ref idref="fl-141"/>
      </object_component>
      <object_component id="oc-170">
         <name>.debug_pubnames</name>
         <load_address>0xbea</load_address>
         <run_address>0xbea</run_address>
         <size>0x28</size>
         <input_file_ref idref="fl-135"/>
      </object_component>
      <object_component id="oc-173">
         <name>.debug_pubnames</name>
         <load_address>0xc12</load_address>
         <run_address>0xc12</run_address>
         <size>0x3a</size>
         <input_file_ref idref="fl-13a"/>
      </object_component>
      <object_component id="oc-194">
         <name>.debug_pubnames</name>
         <load_address>0xc4c</load_address>
         <run_address>0xc4c</run_address>
         <size>0x2b</size>
         <input_file_ref idref="fl-146"/>
      </object_component>
      <object_component id="oc-19c">
         <name>.debug_pubnames</name>
         <load_address>0xc77</load_address>
         <run_address>0xc77</run_address>
         <size>0x25</size>
         <input_file_ref idref="fl-146"/>
      </object_component>
      <object_component id="oc-1a2">
         <name>.debug_pubnames</name>
         <load_address>0xc9c</load_address>
         <run_address>0xc9c</run_address>
         <size>0x27</size>
         <input_file_ref idref="fl-146"/>
      </object_component>
      <object_component id="oc-1c2">
         <name>.debug_pubnames</name>
         <load_address>0xcc3</load_address>
         <run_address>0xcc3</run_address>
         <size>0x2e</size>
         <input_file_ref idref="fl-143"/>
      </object_component>
      <object_component id="oc-1c9">
         <name>.debug_pubnames</name>
         <load_address>0xcf1</load_address>
         <run_address>0xcf1</run_address>
         <size>0x2a</size>
         <input_file_ref idref="fl-142"/>
      </object_component>
      <object_component id="oc-1cf">
         <name>.debug_pubnames</name>
         <load_address>0xd1b</load_address>
         <run_address>0xd1b</run_address>
         <size>0x21</size>
         <input_file_ref idref="fl-142"/>
      </object_component>
      <object_component id="oc-1d5">
         <name>.debug_pubnames</name>
         <load_address>0xd3c</load_address>
         <run_address>0xd3c</run_address>
         <size>0x22</size>
         <input_file_ref idref="fl-142"/>
      </object_component>
      <object_component id="oc-1db">
         <name>.debug_pubnames</name>
         <load_address>0xd5e</load_address>
         <run_address>0xd5e</run_address>
         <size>0x22</size>
         <input_file_ref idref="fl-142"/>
      </object_component>
      <object_component id="oc-1de">
         <name>.debug_pubnames</name>
         <load_address>0xd80</load_address>
         <run_address>0xd80</run_address>
         <size>0x46</size>
         <input_file_ref idref="fl-4"/>
      </object_component>
      <object_component id="oc-1e1">
         <name>.debug_pubnames</name>
         <load_address>0xdc6</load_address>
         <run_address>0xdc6</run_address>
         <size>0x21</size>
         <input_file_ref idref="fl-4"/>
      </object_component>
      <object_component id="oc-1e5">
         <name>.debug_pubnames</name>
         <load_address>0xde7</load_address>
         <run_address>0xde7</run_address>
         <size>0x39</size>
         <input_file_ref idref="fl-13e"/>
      </object_component>
      <object_component id="oc-1f6">
         <name>.debug_pubnames</name>
         <load_address>0xe20</load_address>
         <run_address>0xe20</run_address>
         <size>0x31</size>
         <input_file_ref idref="fl-6"/>
      </object_component>
      <object_component id="oc-1f9">
         <name>.debug_pubnames</name>
         <load_address>0xe51</load_address>
         <run_address>0xe51</run_address>
         <size>0x20</size>
         <input_file_ref idref="fl-6"/>
      </object_component>
      <object_component id="oc-201">
         <name>.debug_pubnames</name>
         <load_address>0xe71</load_address>
         <run_address>0xe71</run_address>
         <size>0x2a</size>
         <input_file_ref idref="fl-143"/>
      </object_component>
      <object_component id="oc-207">
         <name>.debug_pubnames</name>
         <load_address>0xe9b</load_address>
         <run_address>0xe9b</run_address>
         <size>0x2a</size>
         <input_file_ref idref="fl-143"/>
      </object_component>
      <object_component id="oc-20c">
         <name>.debug_pubnames</name>
         <load_address>0xec5</load_address>
         <run_address>0xec5</run_address>
         <size>0x23</size>
         <input_file_ref idref="fl-143"/>
      </object_component>
      <object_component id="oc-20f">
         <name>.debug_pubnames</name>
         <load_address>0xee8</load_address>
         <run_address>0xee8</run_address>
         <size>0x29</size>
         <input_file_ref idref="fl-143"/>
      </object_component>
      <object_component id="oc-212">
         <name>.debug_pubnames</name>
         <load_address>0xf11</load_address>
         <run_address>0xf11</run_address>
         <size>0x2c</size>
         <input_file_ref idref="fl-143"/>
      </object_component>
      <object_component id="oc-216">
         <name>.debug_pubnames</name>
         <load_address>0xf3d</load_address>
         <run_address>0xf3d</run_address>
         <size>0x22</size>
         <input_file_ref idref="fl-145"/>
      </object_component>
      <object_component id="oc-21b">
         <name>.debug_pubnames</name>
         <load_address>0xf5f</load_address>
         <run_address>0xf5f</run_address>
         <size>0x77</size>
         <input_file_ref idref="fl-145"/>
      </object_component>
      <object_component id="oc-222">
         <name>.debug_pubnames</name>
         <load_address>0xfd6</load_address>
         <run_address>0xfd6</run_address>
         <size>0x25</size>
         <input_file_ref idref="fl-146"/>
      </object_component>
      <object_component id="oc-226">
         <name>.debug_pubnames</name>
         <load_address>0xffb</load_address>
         <run_address>0xffb</run_address>
         <size>0x21</size>
         <input_file_ref idref="fl-148"/>
      </object_component>
      <object_component id="oc-22c">
         <name>.debug_pubnames</name>
         <load_address>0x101c</load_address>
         <run_address>0x101c</run_address>
         <size>0x27</size>
         <input_file_ref idref="fl-148"/>
      </object_component>
      <object_component id="oc-232">
         <name>.debug_pubnames</name>
         <load_address>0x1043</load_address>
         <run_address>0x1043</run_address>
         <size>0x27</size>
         <input_file_ref idref="fl-148"/>
      </object_component>
      <object_component id="oc-23a">
         <name>.debug_pubnames</name>
         <load_address>0x106a</load_address>
         <run_address>0x106a</run_address>
         <size>0x1b</size>
         <input_file_ref idref="fl-13c"/>
      </object_component>
      <object_component id="oc-263">
         <name>.debug_pubnames</name>
         <load_address>0x1085</load_address>
         <run_address>0x1085</run_address>
         <size>0x22</size>
         <input_file_ref idref="fl-142"/>
      </object_component>
      <object_component id="oc-283">
         <name>.debug_pubnames</name>
         <load_address>0x10a7</load_address>
         <run_address>0x10a7</run_address>
         <size>0x26</size>
         <input_file_ref idref="fl-143"/>
      </object_component>
      <object_component id="oc-12">
         <name>.debug_aranges</name>
         <load_address>0x0</load_address>
         <run_address>0x0</run_address>
         <size>0x20</size>
         <input_file_ref idref="fl-136"/>
      </object_component>
      <object_component id="oc-19">
         <name>.debug_aranges</name>
         <load_address>0x20</load_address>
         <run_address>0x20</run_address>
         <size>0x20</size>
         <input_file_ref idref="fl-137"/>
      </object_component>
      <object_component id="oc-1f">
         <name>.debug_aranges</name>
         <load_address>0x40</load_address>
         <run_address>0x40</run_address>
         <size>0x20</size>
         <input_file_ref idref="fl-139"/>
      </object_component>
      <object_component id="oc-27">
         <name>.debug_aranges</name>
         <load_address>0x60</load_address>
         <run_address>0x60</run_address>
         <size>0x20</size>
         <input_file_ref idref="fl-138"/>
      </object_component>
      <object_component id="oc-2e">
         <name>.debug_aranges</name>
         <load_address>0x80</load_address>
         <run_address>0x80</run_address>
         <size>0x38</size>
         <input_file_ref idref="fl-3"/>
      </object_component>
      <object_component id="oc-30">
         <name>.debug_aranges</name>
         <load_address>0xb8</load_address>
         <run_address>0xb8</run_address>
         <size>0x68</size>
         <input_file_ref idref="fl-5"/>
      </object_component>
      <object_component id="oc-38">
         <name>.debug_aranges</name>
         <load_address>0x120</load_address>
         <run_address>0x120</run_address>
         <size>0x120</size>
         <input_file_ref idref="fl-2"/>
      </object_component>
      <object_component id="oc-41">
         <name>.debug_aranges</name>
         <load_address>0x240</load_address>
         <run_address>0x240</run_address>
         <size>0x28</size>
         <input_file_ref idref="fl-140"/>
      </object_component>
      <object_component id="oc-46">
         <name>.debug_aranges</name>
         <load_address>0x268</load_address>
         <run_address>0x268</run_address>
         <size>0x20</size>
         <input_file_ref idref="fl-13f"/>
      </object_component>
      <object_component id="oc-4d">
         <name>.debug_aranges</name>
         <load_address>0x288</load_address>
         <run_address>0x288</run_address>
         <size>0x30</size>
         <input_file_ref idref="fl-13a"/>
      </object_component>
      <object_component id="oc-55">
         <name>.debug_aranges</name>
         <load_address>0x2b8</load_address>
         <run_address>0x2b8</run_address>
         <size>0x20</size>
         <input_file_ref idref="fl-13b"/>
      </object_component>
      <object_component id="oc-6a">
         <name>.debug_aranges</name>
         <load_address>0x2d8</load_address>
         <run_address>0x2d8</run_address>
         <size>0x20</size>
         <input_file_ref idref="fl-138"/>
      </object_component>
      <object_component id="oc-77">
         <name>.debug_aranges</name>
         <load_address>0x2f8</load_address>
         <run_address>0x2f8</run_address>
         <size>0x20</size>
         <input_file_ref idref="fl-143"/>
      </object_component>
      <object_component id="oc-7d">
         <name>.debug_aranges</name>
         <load_address>0x318</load_address>
         <run_address>0x318</run_address>
         <size>0x20</size>
         <input_file_ref idref="fl-146"/>
      </object_component>
      <object_component id="oc-83">
         <name>.debug_aranges</name>
         <load_address>0x338</load_address>
         <run_address>0x338</run_address>
         <size>0x20</size>
[...]
      </symbol>
      <symbol id="sm-1d9">
         <name>I2C0TubeSelSet</name>
         <value>0x633</value>
         <object_component_ref idref="oc-35"/>
      </symbol>
      <symbol id="sm-1da">
         <name>I2C_SetNAk</name>
         <value>0x38f</value>
         <object_component_ref idref="oc-35"/>
      </symbol>
      <symbol id="sm-1db">
         <name>I2C0DeviceInit</name>
         <value>0x609</value>
         <object_component_ref idref="oc-35"/>
      </symbol>
      <symbol id="sm-1dc">
         <name>TFTLCD_DrawHorizontalLine</name>
         <value>0xa29</value>
         <object_component_ref idref="oc-35"/>
      </symbol>
      <symbol id="sm-1dd">
         <name>start</name>
         <value>0x20000210</value>
         <object_component_ref idref="oc-dd"/>
      </symbol>
      <symbol id="sm-1de">
         <name>I2C_Set_scl_low</name>
         <value>0x24b</value>
         <object_component_ref idref="oc-35"/>
      </symbol>
      <symbol id="sm-1df">
         <name>I2C0TubeHighSet</name>
         <value>0x67b</value>
         <object_component_ref idref="oc-35"/>
      </symbol>
      <symbol id="sm-1e0">
         <name>I2C0Tubeset</name>
         <value>0x7a1</value>
         <object_component_ref idref="oc-35"/>
      </symbol>
      <symbol id="sm-1e1">
         <name>i2c_read</name>
         <value>0x52b</value>
         <object_component_ref idref="oc-35"/>
      </symbol>
      <symbol id="sm-1e2">
         <name>I2C_STOP</name>
         <value>0x261</value>
         <object_component_ref idref="oc-35"/>
      </symbol>
      <symbol id="sm-1e3">
         <name>main</name>
         <value>0xd3d</value>
         <object_component_ref idref="oc-35"/>
      </symbol>
      <symbol id="sm-1e4">
         <name>ConfigureUART</name>
         <value>0x8b9</value>
         <object_component_ref idref="oc-35"/>
      </symbol>
      <symbol id="sm-1e5">
         <name>I2C_TxByte</name>
         <value>0x3a3</value>
         <object_component_ref idref="oc-35"/>
      </symbol>
      <symbol id="sm-1e6">
         <name>I2C_RxByte</name>
         <value>0x411</value>
         <object_component_ref idref="oc-35"/>
      </symbol>
      <symbol id="sm-1e7">
         <name>GPIOInitial</name>
         <value>0x7c9</value>
         <object_component_ref idref="oc-35"/>
      </symbol>
      <symbol id="sm-1e8">
         <name>delay2</name>
         <value>0xb35</value>
         <object_component_ref idref="oc-35"/>
      </symbol>
      <symbol id="sm-1e9">
         <name>I2C0TubeLowSet</name>
         <value>0x657</value>
         <object_component_ref idref="oc-35"/>
      </symbol>
      <symbol id="sm-1ea">
         <name>GPION</name>
         <value>0x863</value>
         <object_component_ref idref="oc-35"/>
      </symbol>
      <symbol id="sm-1eb">
         <name>GPIOD</name>
         <value>0x885</value>
         <object_component_ref idref="oc-35"/>
      </symbol>
      <symbol id="sm-1ec">
         <name>i2c_write</name>
         <value>0x481</value>
         <object_component_ref idref="oc-35"/>
      </symbol>
      <symbol id="sm-1ed">
         <name>I2C_GetACK</name>
         <value>0x32f</value>
         <object_component_ref idref="oc-35"/>
      </symbol>
      <symbol id="sm-1ee">
         <name>I2C_Set_sda_high</name>
         <value>0x209</value>
         <object_component_ref idref="oc-35"/>
      </symbol>
      <symbol id="sm-1ef">
         <name>end</name>
         <value>0x2000020c</value>
         <object_component_ref idref="oc-dd"/>
      </symbol>
      <symbol id="sm-1f0">
         <name>I2C_Initial</name>
         <value>0x2cd</value>
         <object_component_ref idref="oc-35"/>
      </symbol>
      <symbol id="sm-1f1">
         <name>I2C_RECV_DATA</name>
         <value>0x20000200</value>
         <object_component_ref idref="oc-dd"/>
      </symbol>
      <symbol id="sm-1f2">
         <name>GPIOIntInitial</name>
         <value>0x813</value>
         <object_component_ref idref="oc-35"/>
      </symbol>
      <symbol id="sm-1f3">
         <name>showvalue</name>
         <value>0x7b5</value>
         <object_component_ref idref="oc-35"/>
      </symbol>
      <symbol id="sm-214">
         <name>ResetISR</name>
         <value>0x3f41</value>
         <object_component_ref idref="oc-29"/>
      </symbol>
      <symbol id="sm-215">
         <name>g_pfnVectors</name>
         <value>0x0</value>
         <object_component_ref idref="oc-e"/>
      </symbol>
      <symbol id="sm-27a">
         <name>UARTgetc</name>
         <value>0x2c9f</value>
         <object_component_ref idref="oc-e6"/>
      </symbol>
      <symbol id="sm-27b">
         <name>UARTgets</name>
         <value>0x2be5</value>
         <object_component_ref idref="oc-e6"/>
      </symbol>
      <symbol id="sm-27c">
         <name>UARTStdioConfig</name>
         <value>0x2b59</value>
         <object_component_ref idref="oc-e6"/>
      </symbol>
      <symbol id="sm-27d">
         <name>UARTwrite</name>
         <value>0x2b9f</value>
         <object_component_ref idref="oc-e6"/>
      </symbol>
      <symbol id="sm-27e">
         <name>UARTprintf</name>
         <value>0x2fbf</value>
         <object_component_ref idref="oc-e6"/>
      </symbol>
      <symbol id="sm-27f">
         <name>UARTvprintf</name>
         <value>0x2cc5</value>
         <object_component_ref idref="oc-e6"/>
      </symbol>
      <symbol id="sm-2b4">
         <name>SoftSPI_GetData</name>
         <value>0x3143</value>
         <object_component_ref idref="oc-2f"/>
      </symbol>
      <symbol id="sm-2b5">
         <name>SSIinit</name>
         <value>0x2ff5</value>
         <object_component_ref idref="oc-2f"/>
      </symbol>
      <symbol id="sm-2b6">
         <name>SoftSPIinit</name>
         <value>0x305d</value>
         <object_component_ref idref="oc-2f"/>
      </symbol>
      <symbol id="sm-2b7">
         <name>TOUCH_TSC2046init</name>
         <value>0x32f5</value>
         <object_component_ref idref="oc-2f"/>
      </symbol>
      <symbol id="sm-2b8">
         <name>TouchInit</name>
         <value>0x308f</value>
         <object_component_ref idref="oc-2f"/>
      </symbol>
      <symbol id="sm-2b9">
         <name>SoftSPI_PutData</name>
         <value>0x30c3</value>
         <object_component_ref idref="oc-2f"/>
      </symbol>
      <symbol id="sm-2ba">
         <name>touch_getx</name>
         <value>0x31d5</value>
         <object_component_ref idref="oc-2f"/>
      </symbol>
      <symbol id="sm-2bb">
         <name>touch_gety</name>
         <value>0x3265</value>
         <object_component_ref idref="oc-2f"/>
      </symbol>
      <symbol id="sm-2bc">
         <name>IntGPIOb</name>
         <value>0x33bd</value>
         <object_component_ref idref="oc-2f"/>
      </symbol>
      <symbol id="sm-2bd">
         <name>TOUCH_PointAdjust</name>
         <value>0x332d</value>
         <object_component_ref idref="oc-2f"/>
      </symbol>
      <symbol id="sm-34d">
         <name>TFTLCD_ShowPicture</name>
         <value>0x2a25</value>
         <object_component_ref idref="oc-f6"/>
      </symbol>
      <symbol id="sm-34e">
         <name>asc2_1608</name>
         <value>0x3f9c</value>
         <object_component_ref idref="oc-1f7"/>
      </symbol>
      <symbol id="sm-34f">
         <name>TFTLCD_ExitSleep</name>
         <value>0x1dcb</value>
         <object_component_ref idref="oc-f6"/>
      </symbol>
      <symbol id="sm-350">
         <name>WriteData</name>
         <value>0x20000214</value>
         <object_component_ref idref="oc-1f4"/>
      </symbol>
      <symbol id="sm-351">
         <name>TFTLCD_ShowData</name>
         <value>0x291d</value>
         <object_component_ref idref="oc-f6"/>
      </symbol>
      <symbol id="sm-352">
         <name>TFTLCD_ShowString</name>
         <value>0x2803</value>
         <object_component_ref idref="oc-f6"/>
      </symbol>
      <symbol id="sm-353">
         <name>TFTLCD_REFRESH_GRAM</name>
         <value>0x2685</value>
         <object_component_ref idref="oc-f6"/>
      </symbol>
      <symbol id="sm-354">
         <name>TFTLCD_CLEAR</name>
         <value>0x2861</value>
         <object_component_ref idref="oc-f6"/>
      </symbol>
      <symbol id="sm-355">
         <name>TFTLCD_SetPos</name>
         <value>0x2699</value>
         <object_component_ref idref="oc-f6"/>
      </symbol>
      <symbol id="sm-356">
         <name>TFTLCD_EnterSleep</name>
         <value>0x1d4b</value>
         <object_component_ref idref="oc-f6"/>
      </symbol>
      <symbol id="sm-357">
         <name>InitGPIOLCDInterface</name>
         <value>0x1c8d</value>
         <object_component_ref idref="oc-f6"/>
      </symbol>
      <symbol id="sm-358">
         <name>TFTLCD_FillBlock</name>
         <value>0x28b5</value>
         <object_component_ref idref="oc-f6"/>
      </symbol>
      <symbol id="sm-359">
         <name>TFTLCD_ShowChar</name>
         <value>0x2773</value>
         <object_component_ref idref="oc-f6"/>
      </symbol>
      <symbol id="sm-35a">
         <name>WriteCommand</name>
         <value>0x20000218</value>
         <object_component_ref idref="oc-1f4"/>
      </symbol>
      <symbol id="sm-35b">
         <name>TFTLCD_DrawPoint</name>
         <value>0x2751</value>
         <object_component_ref idref="oc-f6"/>
      </symbol>
      <symbol id="sm-35c">
         <name>TFT_400x240_OTM4001Ainit</name>
         <value>0x1e81</value>
         <object_component_ref idref="oc-f6"/>
      </symbol>
      <symbol id="sm-378">
         <name>EPIGPIOinit</name>
         <value>0x35d1</value>
         <object_component_ref idref="oc-11b"/>
      </symbol>
      <symbol id="sm-391">
         <name>_nop</name>
         <value>0x3e7b</value>
         <object_component_ref idref="oc-b9"/>
      </symbol>
      <symbol id="sm-392">
         <name>_lock</name>
         <value>0x2000021c</value>
         <object_component_ref idref="oc-16e"/>
      </symbol>
      <symbol id="sm-393">
         <name>_unlock</name>
         <value>0x20000220</value>
         <object_component_ref idref="oc-16e"/>
      </symbol>
      <symbol id="sm-394">
         <name>_register_lock</name>
         <value>0x3e73</value>
         <object_component_ref idref="oc-b9"/>
      </symbol>
      <symbol id="sm-395">
         <name>_register_unlock</name>
         <value>0x3e6d</value>
         <object_component_ref idref="oc-b9"/>
      </symbol>
      <symbol id="sm-3a5">
         <name>_c_int00</name>
         <value>0x3b65</value>
         <object_component_ref idref="oc-11"/>
      </symbol>
      <symbol id="sm-3a6">
         <name>__stack</name>
         <value>0x20000000</value>
         <object_component_ref idref="oc-28"/>
      </symbol>
      <symbol id="sm-3bd">
         <name>__TI_decompress_none</name>
         <value>0x3f1b</value>
         <object_component_ref idref="oc-16"/>
      </symbol>
      <symbol id="sm-3e1">
         <name>__TI_decompress_rle24</name>
         <value>0x3f8d</value>
         <object_component_ref idref="oc-22"/>
      </symbol>
      <symbol id="sm-3f5">
         <name>__TI_zero_init</name>
         <value>0x3edb</value>
         <object_component_ref idref="oc-1c"/>
      </symbol>
      <symbol id="sm-414">
         <name>C$$EXIT</name>
         <value>0x3bf1</value>
         <object_component_ref idref="oc-49"/>
      </symbol>
      <symbol id="sm-415">
         <name>abort</name>
         <value>0x3bf5</value>
         <object_component_ref idref="oc-49"/>
      </symbol>
      <symbol id="sm-416">
         <name>exit</name>
         <value>0x3bfd</value>
         <object_component_ref idref="oc-49"/>
      </symbol>
      <symbol id="sm-417">
         <name>__TI_dtors_ptr</name>
         <value>0x20000228</value>
         <object_component_ref idref="oc-171"/>
      </symbol>
      <symbol id="sm-418">
         <name>__TI_cleanup_ptr</name>
         <value>0x20000224</value>
         <object_component_ref idref="oc-171"/>
      </symbol>
      <symbol id="sm-433">
         <name>memcpy</name>
         <value>0x3845</value>
         <object_component_ref idref="oc-53"/>
      </symbol>
      <symbol id="sm-434">
         <name>__aeabi_memcpy</name>
         <value>0x3845</value>
         <object_component_ref idref="oc-53"/>
      </symbol>
      <symbol id="sm-435">
         <name>__aeabi_memcpy8</name>
         <value>0x3845</value>
         <object_component_ref idref="oc-53"/>
      </symbol>
      <symbol id="sm-436">
         <name>__aeabi_memcpy4</name>
         <value>0x3845</value>
         <object_component_ref idref="oc-53"/>
      </symbol>
      <symbol id="sm-450">
         <name>rand</name>
         <value>0x3a9f</value>
         <object_component_ref idref="oc-13a"/>
      </symbol>
      <symbol id="sm-451">
         <name>srand</name>
         <value>0x3a89</value>
         <object_component_ref idref="oc-13a"/>
      </symbol>
      <symbol id="sm-459">
         <name>main_func_sp</name>
         <value>0x20000238</value>
         <object_component_ref idref="oc-4f"/>
      </symbol>
      <symbol id="sm-469">
         <name>__aeabi_uidivmod</name>
         <value>0x3c77</value>
         <object_component_ref idref="oc-1e2"/>
      </symbol>
      <symbol id="sm-47d">
         <name>_args_main</name>
         <value>0x3e41</value>
         <object_component_ref idref="oc-43"/>
      </symbol>
      <symbol id="sm-49a">
         <name>__TI_auto_init</name>
         <value>0x38e1</value>
         <object_component_ref idref="oc-3e"/>
      </symbol>
      <symbol id="sm-4b3">
         <name>copy_in</name>
         <value>0x3bad</value>
         <object_component_ref idref="oc-165"/>
      </symbol>
      <symbol id="sm-4f6">
         <name>UARTConfigSetExpClk</name>
         <value>0x3cb9</value>
         <object_component_ref idref="oc-1c4"/>
      </symbol>
      <symbol id="sm-4f7">
         <name>UARTDisable</name>
         <value>0x3df1</value>
         <object_component_ref idref="oc-25e"/>
      </symbol>
      <symbol id="sm-4f8">
         <name>UARTCharPut</name>
         <value>0x3f6b</value>
         <object_component_ref idref="oc-1d0"/>
      </symbol>
      <symbol id="sm-4f9">
         <name>UARTEnable</name>
         <value>0x3e59</value>
         <object_component_ref idref="oc-1ca"/>
      </symbol>
      <symbol id="sm-4fa">
         <name>UARTCharGet</name>
         <value>0x3f61</value>
         <object_component_ref idref="oc-1d6"/>
      </symbol>
      <symbol id="sm-586">
         <name>SysCtlGPIOAHBEnable</name>
         <value>0x3dd5</value>
         <object_component_ref idref="oc-bf"/>
      </symbol>
      <symbol id="sm-587">
         <name>SysCtlPeripheralPresent</name>
         <value>0x3d2d</value>
         <object_component_ref idref="oc-1be"/>
      </symbol>
      <symbol id="sm-588">
         <name>SysCtlDelay</name>
         <value>0x3f87</value>
         <object_component_ref idref="oc-a4"/>
      </symbol>
      <symbol id="sm-589">
         <name>SysCtlPeripheralEnable</name>
         <value>0x3cf9</value>
         <object_component_ref idref="oc-74"/>
      </symbol>
      <symbol id="sm-58a">
         <name>SysCtlClockFreqSet</name>
         <value>0x33d5</value>
         <object_component_ref idref="oc-109"/>
      </symbol>
      <symbol id="sm-5c2">
         <name>SSIDataPut</name>
         <value>0x3f4d</value>
         <object_component_ref idref="oc-121"/>
      </symbol>
      <symbol id="sm-5c3">
         <name>SSIDataGet</name>
         <value>0x3f35</value>
         <object_component_ref idref="oc-128"/>
      </symbol>
      <symbol id="sm-5c4">
         <name>SSIDataGetNonBlocking</name>
         <value>0x3ec9</value>
         <object_component_ref idref="oc-92"/>
      </symbol>
      <symbol id="sm-5c5">
         <name>SSIConfigSetExpClk</name>
         <value>0x3c35</value>
         <object_component_ref idref="oc-86"/>
      </symbol>
      <symbol id="sm-5c6">
         <name>SSIEnable</name>
         <value>0x3f57</value>
         <object_component_ref idref="oc-8c"/>
      </symbol>
      <symbol id="sm-5fd">
         <name>IntPrioritySet</name>
         <value>0x3d8d</value>
         <object_component_ref idref="oc-10f"/>
      </symbol>
      <symbol id="sm-5fe">
         <name>IntEnable</name>
         <value>0x3975</value>
         <object_component_ref idref="oc-115"/>
      </symbol>
      <symbol id="sm-686">
         <name>GPIOPinConfigure</name>
         <value>0x3ad5</value>
         <object_component_ref idref="oc-7a"/>
      </symbol>
      <symbol id="sm-687">
         <name>GPIOIntEnable</name>
         <value>0x3f29</value>
         <object_component_ref idref="oc-cb"/>
      </symbol>
      <symbol id="sm-688">
         <name>GPIOIntTypeSet</name>
         <value>0x3a33</value>
         <object_component_ref idref="oc-c5"/>
      </symbol>
      <symbol id="sm-689">
         <name>GPIOPinTypeGPIOInput</name>
         <value>0x3e93</value>
         <object_component_ref idref="oc-9e"/>
      </symbol>
      <symbol id="sm-68a">
         <name>GPIOIntClear</name>
         <value>0x3f75</value>
         <object_component_ref idref="oc-d7"/>
      </symbol>
      <symbol id="sm-68b">
         <name>GPIOPinTypeUART</name>
         <value>0x3eb7</value>
         <object_component_ref idref="oc-e0"/>
      </symbol>
      <symbol id="sm-68c">
         <name>GPIOIntStatus</name>
         <value>0x3f0d</value>
         <object_component_ref idref="oc-d1"/>
      </symbol>
      <symbol id="sm-68d">
         <name>GPIOPinTypeGPIOOutput</name>
         <value>0x3e29</value>
         <object_component_ref idref="oc-98"/>
      </symbol>
      <symbol id="sm-68e">
         <name>GPIOPinRead</name>
         <value>0x3f7b</value>
         <object_component_ref idref="oc-a5"/>
      </symbol>
      <symbol id="sm-68f">
         <name>GPIODirModeSet</name>
         <value>0x3d61</value>
         <object_component_ref idref="oc-197"/>
      </symbol>
      <symbol id="sm-690">
         <name>GPIOPinWrite</name>
         <value>0x3f81</value>
         <object_component_ref idref="oc-b3"/>
      </symbol>
      <symbol id="sm-691">
         <name>GPIOPadConfigSet</name>
         <value>0x3715</value>
         <object_component_ref idref="oc-19d"/>
      </symbol>
      <symbol id="sm-692">
         <name>GPIOPinTypeSSI</name>
         <value>0x3ea5</value>
         <object_component_ref idref="oc-80"/>
      </symbol>
      <symbol id="sm-693">
         <name>GPIOPinTypeEPI</name>
         <value>0x3e81</value>
         <object_component_ref idref="oc-21d"/>
      </symbol>
      <symbol id="sm-6a9">
         <name>FPULazyStackingEnable</name>
         <value>0x3efd</value>
         <object_component_ref idref="oc-103"/>
      </symbol>
      <symbol id="sm-6aa">
         <name>FPUEnable</name>
         <value>0x3eed</value>
         <object_component_ref idref="oc-fd"/>
      </symbol>
      <symbol id="sm-6c7">
         <name>EPIModeSet</name>
         <value>0x3f97</value>
         <object_component_ref idref="oc-223"/>
      </symbol>
      <symbol id="sm-6c8">
         <name>EPIConfigHB16Set</name>
         <value>0x3db1</value>
         <object_component_ref idref="oc-229"/>
      </symbol>
      <symbol id="sm-6c9">
         <name>EPIAddressMapSet</name>
         <value>0x3f93</value>
         <object_component_ref idref="oc-22f"/>
      </symbol>
      <symbol id="sm-6cb">
         <name>__TI_static_base__</name>
         <value>0x0</value>
      </symbol>
      <symbol id="sm-6cc">
         <name>__TI_args_main</name>
         <value>0x1</value>
      </symbol>
      <symbol id="sm-6cd">
         <name>SHT$$INIT_ARRAY$$Limit</name>
         <value>0x0</value>
      </symbol>
      <symbol id="sm-6ce">
         <name>SHT$$INIT_ARRAY$$Base</name>
         <value>0x0</value>
      </symbol>
   </symbol_table>
   <title>Link successful</title>
</link_info>
